Component: Arm Compiler for Embedded 6.24 Tool: armlink [5f371500]

==============================================================================

Section Cross References

    main.o(.text) refers to display.o(.text) for display_clear
    main.o(.text) refers to button_state.o(.text) for button_state_eval
    main.o(.text) refers to counter.o(.text) for counter_read
    main.o(.text) refers to statistics.o(.text) for statistics_add_throw
    main.o(.ARM.exidx) refers to main.o(.text) for [Anonymous Symbol]
    button_state.o(.text) refers to button_state.o(.bss.last_button_state) for [Anonymous Symbol]
    button_state.o(.ARM.exidx) refers to button_state.o(.text) for [Anonymous Symbol]
    counter.o(.text) refers to counter.o(.data.dice_counter) for [Anonymous Symbol]
    counter.o(.ARM.exidx) refers to counter.o(.text) for [Anonymous Symbol]
    display.o(.text) refers to hal_ct_seg7.o(.text) for hal_ct_seg7_bin_write
    display.o(.text) refers to sprintf.o(.text) for sprintf
    display.o(.text) refers to display.o(.rodata.str1.1) for [Anonymous Symbol]
    display.o(.ARM.exidx) refers to display.o(.text) for [Anonymous Symbol]
    statistics.o(.text) refers to statistics.o(.bss.nr_of_throws) for [Anonymous Symbol]
    statistics.o(.ARM.exidx) refers to statistics.o(.text) for [Anonymous Symbol]
    datainit_ctboard.o(.text) refers to __scatter.o(!!!scatter) for __scatterload
    datainit_ctboard.o(.text) refers to main.o(.text) for main
    datainit_ctboard.o(.text) refers (Weak) to startup_ctboard.o(STACK) for Stack_Mem
    startup_ctboard.o(RESET) refers to startup_ctboard.o(STACK) for __initial_sp
    startup_ctboard.o(RESET) refers to startup_ctboard.o(.text) for Reset_Handler
    startup_ctboard.o(.text) refers to system_ctboard.o(.text) for __system
    startup_ctboard.o(.text) refers to datainit_ctboard.o(.text) for __main
    system_ctboard.o(.text) refers (Special) to use_no_semi_2.o(.text) for __use_no_semihosting
    system_ctboard.o(.text) refers to hal_rcc.o(.text) for hal_rcc_reset
    system_ctboard.o(.text) refers to hal_pwr.o(.text) for hal_pwr_set_overdrive
    system_ctboard.o(.text) refers to hal_gpio.o(.text) for hal_gpio_init_alternate
    system_ctboard.o(.text) refers to hal_fmc.o(.text) for hal_fmc_init_sram
    system_ctboard.o(.ARM.exidx) refers (Special) to use_no_semi_2.o(.text) for __use_no_semihosting
    system_ctboard.o(.ARM.exidx) refers to system_ctboard.o(.text) for [Anonymous Symbol]
    hal_ct_seg7.o(.text) refers to assert.o(.text) for __aeabi_assert
    hal_ct_seg7.o(.text) refers to hal_ct_seg7.o(.rodata.str1.1) for [Anonymous Symbol]
    hal_ct_seg7.o(.text) refers to aeabi_sdiv.o(.text) for __aeabi_uidivmod
    hal_ct_seg7.o(.text) refers to hal_ct_seg7.o(.rodata.hal_ct_seg7_get_seg7.conv_tab) for [Anonymous Symbol]
    hal_ct_seg7.o(.ARM.exidx) refers to hal_ct_seg7.o(.text) for [Anonymous Symbol]
    hal_fmc.o(.text) refers to assert.o(.text) for __aeabi_assert
    hal_fmc.o(.text) refers to hal_fmc.o(.rodata.str1.1) for [Anonymous Symbol]
    hal_fmc.o(.ARM.exidx) refers to hal_fmc.o(.text) for [Anonymous Symbol]
    hal_gpio.o(.text) refers to aeabi_sdiv.o(.text) for __aeabi_uidiv
    hal_gpio.o(.ARM.exidx) refers to hal_gpio.o(.text) for [Anonymous Symbol]
    hal_pwr.o(.ARM.exidx) refers to hal_pwr.o(.text) for [Anonymous Symbol]
    hal_rcc.o(.text) refers to assert.o(.text) for __aeabi_assert
    hal_rcc.o(.text) refers to hal_rcc.o(.rodata.str1.1) for [Anonymous Symbol]
    hal_rcc.o(.ARM.exidx) refers to hal_rcc.o(.text) for [Anonymous Symbol]
    use_no_semi_2.o(.text) refers (Special) to use_no_semi.o(.text) for __use_no_semihosting_swi
    sprintf.o(.text) refers (Special) to _printf_a.o(.ARM.Collect$$_printf_percent$$00000006) for _printf_a
    sprintf.o(.text) refers (Special) to _printf_c.o(.ARM.Collect$$_printf_percent$$00000013) for _printf_c
    sprintf.o(.text) refers (Special) to _printf_charcount.o(.text) for _printf_charcount
    sprintf.o(.text) refers (Special) to _printf_d.o(.ARM.Collect$$_printf_percent$$00000009) for _printf_d
    sprintf.o(.text) refers (Special) to _printf_e.o(.ARM.Collect$$_printf_percent$$00000004) for _printf_e
    sprintf.o(.text) refers (Special) to _printf_f.o(.ARM.Collect$$_printf_percent$$00000003) for _printf_f
    sprintf.o(.text) refers (Special) to printf1.o(x$fpl$printf1) for _printf_fp_dec
    sprintf.o(.text) refers (Special) to printf2.o(x$fpl$printf2) for _printf_fp_hex
    sprintf.o(.text) refers (Special) to _printf_g.o(.ARM.Collect$$_printf_percent$$00000005) for _printf_g
    sprintf.o(.text) refers (Special) to _printf_i.o(.ARM.Collect$$_printf_percent$$00000008) for _printf_i
    sprintf.o(.text) refers (Special) to _printf_dec.o(.text) for _printf_int_dec
    sprintf.o(.text) refers (Special) to _printf_l.o(.ARM.Collect$$_printf_percent$$00000012) for _printf_l
    sprintf.o(.text) refers (Special) to _printf_lc.o(.ARM.Collect$$_printf_percent$$00000015) for _printf_lc
[...]
    .ARM.Collect$$_printf_percent$$00000017  0x08000316   Section        4  _printf_percent_end.o(.ARM.Collect$$_printf_percent$$00000017)
    .ARM.Collect$$libinit$$00000000          0x0800031a   Section        2  libinit.o(.ARM.Collect$$libinit$$00000000)
    .ARM.Collect$$libinit$$00000002          0x0800031c   Section        0  libinit2.o(.ARM.Collect$$libinit$$00000002)
    .ARM.Collect$$libinit$$00000004          0x0800031c   Section        0  libinit2.o(.ARM.Collect$$libinit$$00000004)
    .ARM.Collect$$libinit$$00000006          0x0800031c   Section        0  libinit2.o(.ARM.Collect$$libinit$$00000006)
    .ARM.Collect$$libinit$$0000000C          0x0800031c   Section        0  libinit2.o(.ARM.Collect$$libinit$$0000000C)
    .ARM.Collect$$libinit$$0000000E          0x0800031c   Section        0  libinit2.o(.ARM.Collect$$libinit$$0000000E)
    .ARM.Collect$$libinit$$00000010          0x0800031c   Section        0  libinit2.o(.ARM.Collect$$libinit$$00000010)
    .ARM.Collect$$libinit$$00000011          0x0800031c   Section        6  libinit2.o(.ARM.Collect$$libinit$$00000011)
    .ARM.Collect$$libinit$$00000013          0x08000322   Section        0  libinit2.o(.ARM.Collect$$libinit$$00000013)
    .ARM.Collect$$libinit$$00000014          0x08000322   Section       12  libinit2.o(.ARM.Collect$$libinit$$00000014)
    .ARM.Collect$$libinit$$00000015          0x0800032e   Section        0  libinit2.o(.ARM.Collect$$libinit$$00000015)
    .ARM.Collect$$libinit$$00000017          0x0800032e   Section        0  libinit2.o(.ARM.Collect$$libinit$$00000017)
    .ARM.Collect$$libinit$$00000018          0x0800032e   Section       10  libinit2.o(.ARM.Collect$$libinit$$00000018)
    .ARM.Collect$$libinit$$00000019          0x08000338   Section        0  libinit2.o(.ARM.Collect$$libinit$$00000019)
    .ARM.Collect$$libinit$$0000001B          0x08000338   Section        0  libinit2.o(.ARM.Collect$$libinit$$0000001B)
    .ARM.Collect$$libinit$$0000001D          0x08000338   Section        0  libinit2.o(.ARM.Collect$$libinit$$0000001D)
    .ARM.Collect$$libinit$$0000001F          0x08000338   Section        0  libinit2.o(.ARM.Collect$$libinit$$0000001F)
    .ARM.Collect$$libinit$$00000021          0x08000338   Section        0  libinit2.o(.ARM.Collect$$libinit$$00000021)
    .ARM.Collect$$libinit$$00000023          0x08000338   Section        0  libinit2.o(.ARM.Collect$$libinit$$00000023)
    .ARM.Collect$$libinit$$00000025          0x08000338   Section        0  libinit2.o(.ARM.Collect$$libinit$$00000025)
    .ARM.Collect$$libinit$$00000027          0x08000338   Section        0  libinit2.o(.ARM.Collect$$libinit$$00000027)
    .ARM.Collect$$libinit$$0000002E          0x08000338   Section        0  libinit2.o(.ARM.Collect$$libinit$$0000002E)
    .ARM.Collect$$libinit$$00000030          0x08000338   Section        0  libinit2.o(.ARM.Collect$$libinit$$00000030)
    .ARM.Collect$$libinit$$00000032          0x08000338   Section        0  libinit2.o(.ARM.Collect$$libinit$$00000032)
    .ARM.Collect$$libinit$$00000034          0x08000338   Section        0  libinit2.o(.ARM.Collect$$libinit$$00000034)
    .ARM.Collect$$libinit$$00000035          0x08000338   Section        2  libinit2.o(.ARM.Collect$$libinit$$00000035)
    .ARM.Collect$$libshutdown$$00000000      0x0800033a   Section        2  libshutdown.o(.ARM.Collect$$libshutdown$$00000000)
    .ARM.Collect$$libshutdown$$00000002      0x0800033c   Section        0  libshutdown2.o(.ARM.Collect$$libshutdown$$00000002)
    .ARM.Collect$$libshutdown$$00000004      0x0800033c   Section        0  libshutdown2.o(.ARM.Collect$$libshutdown$$00000004)
    .ARM.Collect$$libshutdown$$00000007      0x0800033c   Section        0  libshutdown2.o(.ARM.Collect$$libshutdown$$00000007)
    .ARM.Collect$$libshutdown$$0000000A      0x0800033c   Section        0  libshutdown2.o(.ARM.Collect$$libshutdown$$0000000A)
    .ARM.Collect$$libshutdown$$0000000C      0x0800033c   Section        0  libshutdown2.o(.ARM.Collect$$libshutdown$$0000000C)
    .ARM.Collect$$libshutdown$$0000000F      0x0800033c   Section        0  libshutdown2.o(.ARM.Collect$$libshutdown$$0000000F)
    .ARM.Collect$$libshutdown$$00000010      0x0800033c   Section        2  libshutdown2.o(.ARM.Collect$$libshutdown$$00000010)
    .ARM.Collect$$rtentry$$00000000          0x0800033e   Section        0  __rtentry.o(.ARM.Collect$$rtentry$$00000000)
    .ARM.Collect$$rtentry$$00000002          0x0800033e   Section        0  __rtentry2.o(.ARM.Collect$$rtentry$$00000002)
    .ARM.Collect$$rtentry$$00000004          0x0800033e   Section        6  __rtentry4.o(.ARM.Collect$$rtentry$$00000004)
    .ARM.Collect$$rtentry$$00000009          0x08000344   Section        0  __rtentry2.o(.ARM.Collect$$rtentry$$00000009)
    .ARM.Collect$$rtentry$$0000000A          0x08000344   Section        4  __rtentry2.o(.ARM.Collect$$rtentry$$0000000A)
    .ARM.Collect$$rtentry$$0000000C          0x08000348   Section        0  __rtentry2.o(.ARM.Collect$$rtentry$$0000000C)
    .ARM.Collect$$rtentry$$0000000D          0x08000348   Section        8  __rtentry2.o(.ARM.Collect$$rtentry$$0000000D)
    .ARM.Collect$$rtexit$$00000000           0x08000350   Section        2  rtexit.o(.ARM.Collect$$rtexit$$00000000)
    .ARM.Collect$$rtexit$$00000002           0x08000352   Section        0  rtexit2.o(.ARM.Collect$$rtexit$$00000002)
    .ARM.Collect$$rtexit$$00000003           0x08000352   Section        4  rtexit2.o(.ARM.Collect$$rtexit$$00000003)
    .ARM.Collect$$rtexit$$00000004           0x08000356   Section        6  rtexit2.o(.ARM.Collect$$rtexit$$00000004)
    [Anonymous Symbol]                       0x0800035c   Section        0  main.o(.text)
    [Anonymous Symbol]                       0x080003ec   Section        0  button_state.o(.text)
    __arm_cp.0_0                             0x0800040c   Number         4  button_state.o(.text)
    __arm_cp.0_1                             0x08000410   Number         4  button_state.o(.text)
    [Anonymous Symbol]                       0x08000414   Section        0  counter.o(.text)
    __arm_cp.0_0                             0x08000430   Number         4  counter.o(.text)
    __arm_cp.1_0                             0x0800043c   Number         4  counter.o(.text)
    [Anonymous Symbol]                       0x08000440   Section        0  display.o(.text)
    __arm_cp.1_0                             0x0800048c   Number         4  display.o(.text)
    write_to_lcd                             0x08000491   Thumb Code    60  display.o(.text)
    __arm_cp.2_0                             0x080004cc   Number         4  display.o(.text)
    __arm_cp.3_0                             0x080004f4   Number         4  display.o(.text)
    __arm_cp.4_0                             0x08000514   Number         4  display.o(.text)
    [Anonymous Symbol]                       0x08000518   Section        0  statistics.o(.text)
    __arm_cp.0_0                             0x0800054c   Number         4  statistics.o(.text)
    __arm_cp.1_0                             0x0800059c   Number         4  statistics.o(.text)
    .text                                    0x080005a0   Section       40  datainit_ctboard.o(.text)
    .text                                    0x080005c8   Section       36  startup_ctboard.o(.text)
    [Anonymous Symbol]                       0x080005ec   Section        0  system_ctboard.o(.text)
    init_SystemClock                         0x08000609   Thumb Code   168  system_ctboard.o(.text)
    __arm_cp.2_0                             0x080006b0   Number         4  system_ctboard.o(.text)
    __arm_cp.2_1                             0x080006b4   Number         4  system_ctboard.o(.text)
    __arm_cp.2_2                             0x080006b8   Number         4  system_ctboard.o(.text)
    __arm_cp.2_3                             0x080006bc   Number         4  system_ctboard.o(.text)
    __arm_cp.2_4                             0x080006c0   Number         4  system_ctboard.o(.text)
    init_FPU                                 0x080006c5   Thumb Code     2  system_ctboard.o(.text)
    init_FMC_SRAM                            0x080006c9   Thumb Code   340  system_ctboard.o(.text)
    __arm_cp.4_0                             0x0800081c   Number         4  system_ctboard.o(.text)
    __arm_cp.4_1                             0x08000820   Number         4  system_ctboard.o(.text)
    __arm_cp.4_2                             0x08000824   Number         4  system_ctboard.o(.text)
    __arm_cp.4_3                             0x08000828   Number         4  system_ctboard.o(.text)
    __arm_cp.4_4                             0x0800082c   Number         4  system_ctboard.o(.text)
    __arm_cp.4_5                             0x08000830   Number         4  system_ctboard.o(.text)
    __arm_cp.4_6                             0x08000834   Number         4  system_ctboard.o(.text)
    __arm_cp.4_7                             0x08000838   Number         4  system_ctboard.o(.text)
    __arm_cp.4_8                             0x0800083c   Number         4  system_ctboard.o(.text)
    __arm_cp.4_9                             0x08000840   Number         4  system_ctboard.o(.text)
    init_LCD                                 0x08000845   Thumb Code    32  system_ctboard.o(.text)
    __arm_cp.5_0                             0x08000864   Number         4  system_ctboard.o(.text)
    [Anonymous Symbol]                       0x0800088c   Section        0  hal_ct_seg7.o(.text)
    __arm_cp.0_0                             0x08000994   Number         4  hal_ct_seg7.o(.text)
    __arm_cp.0_1                             0x08000998   Number         4  hal_ct_seg7.o(.text)
    __arm_cp.0_2                             0x0800099c   Number         4  hal_ct_seg7.o(.text)
    __arm_cp.0_3                             0x080009a0   Number         4  hal_ct_seg7.o(.text)
    __arm_cp.0_4                             0x080009a4   Number         4  hal_ct_seg7.o(.text)
    __arm_cp.0_5                             0x080009a8   Number         4  hal_ct_seg7.o(.text)
    __arm_cp.1_0                             0x080009bc   Number         4  hal_ct_seg7.o(.text)
    __arm_cp.2_0                             0x080009d8   Number         4  hal_ct_seg7.o(.text)
    __arm_cp.3_0                             0x080009e8   Number         4  hal_ct_seg7.o(.text)
    __arm_cp.4_0                             0x08000a04   Number         4  hal_ct_seg7.o(.text)
    __arm_cp.5_0                             0x08000a20   Number         4  hal_ct_seg7.o(.text)
    __arm_cp.7_0                             0x08000a8c   Number         4  hal_ct_seg7.o(.text)
    [Anonymous Symbol]                       0x08000a90   Section        0  hal_fmc.o(.text)
    __arm_cp.0_0                             0x08000b54   Number         4  hal_fmc.o(.text)
    __arm_cp.0_1                             0x08000b58   Number         4  hal_fmc.o(.text)
    __arm_cp.0_2                             0x08000b5c   Number         4  hal_fmc.o(.text)
    __arm_cp.0_3                             0x08000b60   Number         4  hal_fmc.o(.text)
    __arm_cp.0_4                             0x08000b64   Number         4  hal_fmc.o(.text)
    __arm_cp.0_5                             0x08000b68   Number         4  hal_fmc.o(.text)
    __arm_cp.0_6                             0x08000b6c   Number         4  hal_fmc.o(.text)
    __arm_cp.0_7                             0x08000b70   Number         4  hal_fmc.o(.text)
    __arm_cp.0_8                             0x08000b74   Number         4  hal_fmc.o(.text)
    __arm_cp.0_9                             0x08000b78   Number         4  hal_fmc.o(.text)
    __arm_cp.0_10                            0x08000b7c   Number         4  hal_fmc.o(.text)
    __arm_cp.0_11                            0x08000b80   Number         4  hal_fmc.o(.text)
    __arm_cp.1_0                             0x08000e10   Number         4  hal_fmc.o(.text)
    __arm_cp.1_1                             0x08000e14   Number         4  hal_fmc.o(.text)
    __arm_cp.1_2                             0x08000e18   Number         4  hal_fmc.o(.text)
    __arm_cp.1_3                             0x08000e1c   Number         4  hal_fmc.o(.text)
    __arm_cp.1_4                             0x08000e20   Number         4  hal_fmc.o(.text)
    __arm_cp.1_5                             0x08000e24   Number         4  hal_fmc.o(.text)
    __arm_cp.1_6                             0x08000e28   Number         4  hal_fmc.o(.text)
    __arm_cp.1_7                             0x08000e2c   Number         4  hal_fmc.o(.text)
    __arm_cp.1_8                             0x08000e30   Number         4  hal_fmc.o(.text)
    [Anonymous Symbol]                       0x08000e34   Section        0  hal_gpio.o(.text)
    __arm_cp.0_0                             0x08000ea4   Number         4  hal_gpio.o(.text)
    __arm_cp.0_1                             0x08000ea8   Number         4  hal_gpio.o(.text)
    intercept_overwrite_register             0x08000f29   Thumb Code    48  hal_gpio.o(.text)
    __arm_cp.2_0                             0x08000f58   Number         4  hal_gpio.o(.text)
    __arm_cp.2_1                             0x08000f5c   Number         4  hal_gpio.o(.text)
    __arm_cp.2_2                             0x08000f60   Number         4  hal_gpio.o(.text)
    create_pattern_mask                      0x08000f65   Thumb Code   156  hal_gpio.o(.text)
    __arm_cp.13_0                            0x08001614   Number         4  hal_gpio.o(.text)
    __arm_cp.13_1                            0x08001618   Number         4  hal_gpio.o(.text)
    __arm_cp.13_2                            0x0800161c   Number         4  hal_gpio.o(.text)
    __arm_cp.13_3                            0x08001620   Number         4  hal_gpio.o(.text)
    __arm_cp.13_4                            0x08001624   Number         4  hal_gpio.o(.text)
    __arm_cp.13_5                            0x08001628   Number         4  hal_gpio.o(.text)
    __arm_cp.13_6                            0x0800162c   Number         4  hal_gpio.o(.text)
    __arm_cp.13_7                            0x08001630   Number         4  hal_gpio.o(.text)
    __arm_cp.13_8                            0x08001634   Number         4  hal_gpio.o(.text)
    __arm_cp.13_9                            0x08001638   Number         4  hal_gpio.o(.text)
    __arm_cp.13_10                           0x0800163c   Number         4  hal_gpio.o(.text)
    __arm_cp.13_11                           0x08001640   Number         4  hal_gpio.o(.text)
    __arm_cp.13_12                           0x08001644   Number         4  hal_gpio.o(.text)
    get_syscfg_mask                          0x08001649   Thumb Code   232  hal_gpio.o(.text)
    __arm_cp.14_0                            0x08001730   Number         4  hal_gpio.o(.text)
    __arm_cp.14_1                            0x08001734   Number         4  hal_gpio.o(.text)
    __arm_cp.14_2                            0x08001738   Number         4  hal_gpio.o(.text)
    __arm_cp.14_3                            0x0800173c   Number         4  hal_gpio.o(.text)
    __arm_cp.14_4                            0x08001740   Number         4  hal_gpio.o(.text)
    __arm_cp.14_5                            0x08001744   Number         4  hal_gpio.o(.text)
    __arm_cp.14_6                            0x08001748   Number         4  hal_gpio.o(.text)
    __arm_cp.14_7                            0x0800174c   Number         4  hal_gpio.o(.text)
    __arm_cp.14_8                            0x08001750   Number         4  hal_gpio.o(.text)
    __arm_cp.14_9                            0x08001754   Number         4  hal_gpio.o(.text)
    __arm_cp.15_0                            0x08001798   Number         4  hal_gpio.o(.text)
    __arm_cp.15_1                            0x0800179c   Number         4  hal_gpio.o(.text)
    __arm_cp.16_0                            0x080017b8   Number         4  hal_gpio.o(.text)
    [Anonymous Symbol]                       0x080017bc   Section        0  hal_pwr.o(.text)
    __arm_cp.0_0                             0x080017cc   Number         4  hal_pwr.o(.text)
    __arm_cp.0_1                             0x080017d0   Number         4  hal_pwr.o(.text)
    __arm_cp.1_0                             0x08001868   Number         4  hal_pwr.o(.text)
    __arm_cp.2_0                             0x08001898   Number         4  hal_pwr.o(.text)
    __arm_cp.3_0                             0x080018c8   Number         4  hal_pwr.o(.text)
    __arm_cp.4_0                             0x080018f8   Number         4  hal_pwr.o(.text)
    [Anonymous Symbol]                       0x08001914   Section        0  hal_rcc.o(.text)
    __arm_cp.0_0                             0x080019a8   Number         4  hal_rcc.o(.text)
    __arm_cp.0_1                             0x080019ac   Number         4  hal_rcc.o(.text)
    __arm_cp.0_2                             0x080019b0   Number         4  hal_rcc.o(.text)
    __arm_cp.0_3                             0x080019b4   Number         4  hal_rcc.o(.text)
    __arm_cp.0_4                             0x080019b8   Number         4  hal_rcc.o(.text)
    __arm_cp.0_5                             0x080019bc   Number         4  hal_rcc.o(.text)
    __arm_cp.0_6                             0x080019c0   Number         4  hal_rcc.o(.text)
    __arm_cp.0_7                             0x080019c4   Number         4  hal_rcc.o(.text)
    __arm_cp.0_8                             0x080019c8   Number         4  hal_rcc.o(.text)
    __arm_cp.0_9                             0x080019cc   Number         4  hal_rcc.o(.text)
    __arm_cp.0_10                            0x080019d0   Number         4  hal_rcc.o(.text)
    __arm_cp.0_11                            0x080019d4   Number         4  hal_rcc.o(.text)
    __arm_cp.0_12                            0x080019d8   Number         4  hal_rcc.o(.text)
    __arm_cp.0_13                            0x080019dc   Number         4  hal_rcc.o(.text)
    __arm_cp.0_14                            0x080019e0   Number         4  hal_rcc.o(.text)
    __arm_cp.0_15                            0x080019e4   Number         4  hal_rcc.o(.text)
    __arm_cp.0_16                            0x080019e8   Number         4  hal_rcc.o(.text)
    __arm_cp.0_17                            0x080019ec   Number         4  hal_rcc.o(.text)
    __arm_cp.0_18                            0x080019f0   Number         4  hal_rcc.o(.text)
    __arm_cp.0_19                            0x080019f4   Number         4  hal_rcc.o(.text)
    __arm_cp.0_20                            0x080019f8   Number         4  hal_rcc.o(.text)
    __arm_cp.0_21                            0x080019fc   Number         4  hal_rcc.o(.text)
    __arm_cp.0_22                            0x08001a00   Number         4  hal_rcc.o(.text)
    __arm_cp.0_23                            0x08001a04   Number         4  hal_rcc.o(.text)
    __arm_cp.0_24                            0x08001a08   Number         4  hal_rcc.o(.text)
    __arm_cp.0_25                            0x08001a0c   Number         4  hal_rcc.o(.text)
    __arm_cp.0_26                            0x08001a10   Number         4  hal_rcc.o(.text)
    __arm_cp.0_27                            0x08001a14   Number         4  hal_rcc.o(.text)
    __arm_cp.0_28                            0x08001a18   Number         4  hal_rcc.o(.text)
    __arm_cp.0_29                            0x08001a1c   Number         4  hal_rcc.o(.text)
    __arm_cp.0_30                            0x08001a20   Number         4  hal_rcc.o(.text)
    __arm_cp.0_31                            0x08001a24   Number         4  hal_rcc.o(.text)
    __arm_cp.1_0                             0x08001bf4   Number         4  hal_rcc.o(.text)
    __arm_cp.1_1                             0x08001bf8   Number         4  hal_rcc.o(.text)
    __arm_cp.1_2                             0x08001bfc   Number         4  hal_rcc.o(.text)
    __arm_cp.1_3                             0x08001c00   Number         4  hal_rcc.o(.text)
    __arm_cp.1_4                             0x08001c04   Number         4  hal_rcc.o(.text)
    __arm_cp.1_5                             0x08001c08   Number         4  hal_rcc.o(.text)
    __arm_cp.2_0                             0x08001cfc   Number         4  hal_rcc.o(.text)
    __arm_cp.2_1                             0x08001d00   Number         4  hal_rcc.o(.text)
    __arm_cp.2_2                             0x08001d04   Number         4  hal_rcc.o(.text)
    __arm_cp.3_0                             0x08001f28   Number         4  hal_rcc.o(.text)
    __arm_cp.3_1                             0x08001f2c   Number         4  hal_rcc.o(.text)
    __arm_cp.3_2                             0x08001f30   Number         4  hal_rcc.o(.text)
    __arm_cp.3_3                             0x08001f34   Number         4  hal_rcc.o(.text)
    __arm_cp.3_4                             0x08001f38   Number         4  hal_rcc.o(.text)
    __arm_cp.3_5                             0x08001f3c   Number         4  hal_rcc.o(.text)
    __arm_cp.3_6                             0x08001f40   Number         4  hal_rcc.o(.text)
    __arm_cp.3_7                             0x08001f44   Number         4  hal_rcc.o(.text)
    __arm_cp.4_0                             0x080020bc   Number         4  hal_rcc.o(.text)
    __arm_cp.4_1                             0x080020c0   Number         4  hal_rcc.o(.text)
    __arm_cp.4_2                             0x080020c4   Number         4  hal_rcc.o(.text)
    __arm_cp.4_3                             0x080020c8   Number         4  hal_rcc.o(.text)
    .text                                    0x080020cc   Section        2  use_no_semi_2.o(.text)
    .text                                    0x080020d0   Section        0  sprintf.o(.text)
    .text                                    0x080020fc   Section        0  assert.o(.text)
    .text                                    0x08002178   Section      364  aeabi_sdiv.o(.text)
    .text                                    0x080022e4   Section        2  use_no_semi.o(.text)
    .text                                    0x080022e6   Section        0  _printf_pad.o(.text)
    .text                                    0x08002334   Section        0  _printf_truncate.o(.text)
    .text                                    0x08002358   Section        0  _printf_str.o(.text)
    .text                                    0x080023ac   Section        0  _printf_dec.o(.text)
    .text                                    0x08002418   Section        0  _printf_charcount.o(.text)
    _printf_input_char                       0x08002441   Thumb Code    10  _printf_char_common.o(.text)
    .text                                    0x08002440   Section        0  _printf_char_common.o(.text)
    .text                                    0x08002470   Section        0  _sputc.o(.text)
    .text                                    0x0800247c   Section        0  _printf_wctomb.o(.text)
    .text                                    0x08002538   Section        0  _printf_longlong_dec.o(.text)
    _printf_longlong_oct_internal            0x080025a9   Thumb Code     0  _printf_oct_int_ll.o(.text)
    .text                                    0x080025a8   Section        0  _printf_oct_int_ll.o(.text)
    _printf_hex_common                       0x08002619   Thumb Code     0  _printf_hex_int_ll_ptr.o(.text)
    .text                                    0x08002618   Section        0  _printf_hex_int_ll_ptr.o(.text)
    .text                                    0x080026b0   Section        0  __printf_flags_ss_wp.o(.text)
    .text                                    0x08002838   Section        0  abort.o(.text)
    .text                                    0x0800284c   Section        0  assert_puts.o(.text)
    .text                                    0x08002860   Section        0  lludiv10.o(.text)
    .text                                    0x080028da   Section        0  _printf_intcommon.o(.text)
    _fp_digits                               0x0800298d   Thumb Code   412  _printf_fp_dec.o(.text)
    .text                                    0x0800298c   Section        0  _printf_fp_dec.o(.text)
    .text                                    0x08002da0   Section        0  _printf_fp_hex.o(.text)
    .text                                    0x08003078   Section        0  _printf_char.o(.text)
    .text                                    0x080030a6   Section        0  _printf_wchar.o(.text)
    .text                                    0x080030d4   Section        0  _c32rtomb.o(.text)
    .text                                    0x08003116   Section        0  defsig_abrt_outer.o(.text)
    .text                                    0x08003122   Section        0  rtudiv10.o(.text)
    .text                                    0x0800314c   Section       16  rt_ctype_table.o(.text)
    .text                                    0x0800315c   Section        8  rt_locale.o(.text)
    .text                                    0x08003164   Section        0  _printf_fp_infnan.o(.text)
    .text                                    0x080031ec   Section        0  bigflt0.o(.text)
    .text                                    0x080032c4   Section        0  btod.o(.text)
    btod_internal_mul                        0x08003305   Thumb Code   492  btod.o(.text)
    btod_internal_div                        0x080034f1   Thumb Code   520  btod.o(.text)
    .text                                    0x08003844   Section        0  exit.o(.text)
    .text                                    0x08003854   Section        0  defsig_exit.o(.text)
    .text                                    0x08003860   Section        0  defsig_abrt_inner.o(.text)
    .text                                    0x08003890   Section        0  defsig_general.o(.text)
    .text                                    0x080038c4   Section        0  strcmp.o(.text)
    i.__ARM_common_ll_muluu                  0x0800394c   Section        0  btod.o(i.__ARM_common_ll_muluu)
    i.__ARM_fpclassify                       0x0800397c   Section        0  fpclassify.o(i.__ARM_fpclassify)
    i._is_digit                              0x080039a8   Section        0  __printf_wp.o(i._is_digit)
    locale$$code                             0x080039b8   Section       44  lc_numeric_c.o(locale$$code)
    locale$$code                             0x080039e4   Section       44  lc_ctype_c.o(locale$$code)
    x$fpl$printf1                            0x08003a10   Section       16  printf1.o(x$fpl$printf1)
    x$fpl$printf2                            0x08003a20   Section       16  printf2.o(x$fpl$printf2)
    initial_mbstate                          0x08003a30   Data           8  _printf_wctomb.o(.constdata)
    .constdata                               0x08003a30   Section        8  _printf_wctomb.o(.constdata)
    x$fpl$usenofp                            0x08003a30   Section        0  usenofp.o(x$fpl$usenofp)
    uc_hextab                                0x08003a38   Data          20  _printf_hex_int_ll_ptr.o(.constdata)
    .constdata                               0x08003a38   Section       40  _printf_hex_int_ll_ptr.o(.constdata)
    lc_hextab                                0x08003a4c   Data          20  _printf_hex_int_ll_ptr.o(.constdata)
    maptable                                 0x08003a60   Data          17  __printf_flags_ss_wp.o(.constdata)
    .constdata                               0x08003a60   Section       17  __printf_flags_ss_wp.o(.constdata)
    lc_hextab                                0x08003a71   Data          19  _printf_fp_hex.o(.constdata)
    .constdata                               0x08003a71   Section       38  _printf_fp_hex.o(.constdata)
    uc_hextab                                0x08003a84   Data          19  _printf_fp_hex.o(.constdata)
    tenpwrs_x                                0x08003a98   Data          60  bigflt0.o(.constdata)
    .constdata                               0x08003a98   Section      148  bigflt0.o(.constdata)
    tenpwrs_i                                0x08003ad4   Data          64  bigflt0.o(.constdata)
    hal_ct_seg7_get_seg7.conv_tab            0x08003b2c   Data          16  hal_ct_seg7.o(.rodata.hal_ct_seg7_get_seg7.conv_tab)
    [Anonymous Symbol]                       0x08003b2c   Section        0  hal_ct_seg7.o(.rodata.hal_ct_seg7_get_seg7.conv_tab)
    [Anonymous Symbol]                       0x08003b3c   Section        0  display.o(.rodata.str1.1)
    [Anonymous Symbol]                       0x08003b61   Section        0  hal_ct_seg7.o(.rodata.str1.1)
    [Anonymous Symbol]                       0x08003bfd   Section        0  hal_fmc.o(.rodata.str1.1)
    [Anonymous Symbol]                       0x08003c95   Section        0  hal_rcc.o(.rodata.str1.1)
    locale$$data                             0x08003e28   Section       28  lc_numeric_c.o(locale$$data)
    __lcnum_c_name                           0x08003e2c   Data           2  lc_numeric_c.o(locale$$data)
    __lcnum_c_start                          0x08003e34   Data           0  lc_numeric_c.o(locale$$data)
    __lcnum_c_point                          0x08003e40   Data           0  lc_numeric_c.o(locale$$data)
    __lcnum_c_thousands                      0x08003e42   Data           0  lc_numeric_c.o(locale$$data)
    __lcnum_c_grouping                       0x08003e43   Data           0  lc_numeric_c.o(locale$$data)
    __lcnum_c_end                            0x08003e44   Data           0  lc_numeric_c.o(locale$$data)
    locale$$data                             0x08003e44   Section      272  lc_ctype_c.o(locale$$data)
    __lcctype_c_name                         0x08003e48   Data           2  lc_ctype_c.o(locale$$data)
    __lcctype_c_start                        0x08003e50   Data           0  lc_ctype_c.o(locale$$data)
    __lcctype_c_end                          0x08003f54   Data           0  lc_ctype_c.o(locale$$data)
    dice_counter                             0x20000000   Data           1  counter.o(.data.dice_counter)
    [Anonymous Symbol]                       0x20000000   Section        0  counter.o(.data.dice_counter)
    __rt_locale_data                         0x20000008   Data          20  rt_locale.o(.bss)
    .bss                                     0x20000008   Section       20  rt_locale.o(.bss)
    last_button_state                        0x2000001c   Data           1  button_state.o(.bss.last_button_state)
    [Anonymous Symbol]                       0x2000001c   Section        0  button_state.o(.bss.last_button_state)
    nr_of_throws                             0x2000001d   Data           7  statistics.o(.bss.nr_of_throws)
    [Anonymous Symbol]                       0x2000001d   Section        0  statistics.o(.bss.nr_of_throws)
    STACK                                    0x20000028   Section     8192  startup_ctboard.o(STACK)
    __initial_sp                             0x20002028   Data           0  startup_ctboard.o(STACK)

    Global Symbols

    Symbol Name                              Value     Ov Type        Size  Object(Section)

    BuildAttributes$$THM_ISAv3M$S$PE$A:L22$X:L11$S22$IEEE1$IW$~IW$USESV6$~STKCKD$USESV7$WCHAR32$ENUMINT$~SHL$OTIME$ROPI$IEEEJ$EBA8$UX$STANDARDLIB$REQ8$PRES8$EABIv2 0x00000000   Number         0  anon$$obj.o ABSOLUTE
    _printf_flags                            0x00000000   Number         0  printf_stubs.o ABSOLUTE
    _printf_return_value                     0x00000000   Number         0  printf_stubs.o ABSOLUTE
    _printf_sizespec                         0x00000000   Number         0  printf_stubs.o ABSOLUTE
    _printf_widthprec                        0x00000000   Number         0  printf_stubs.o ABSOLUTE
    __ARM_exceptions_init                     - Undefined Weak Reference
    __alloca_initialize                       - Undefined Weak Reference
    __arm_preinit_                            - Undefined Weak Reference
    __arm_relocate_pie_                       - Undefined Weak Reference
    __cpp_initialize__aeabi_                  - Undefined Weak Reference
    __cxa_finalize                            - Undefined Weak Reference
    __scatterload_null                        - Undefined Reference
    __sigvec_lookup                           - Undefined Weak Reference
    _atexit_init                              - Undefined Weak Reference
    _call_atexit_fns                          - Undefined Weak Reference
    _clock_init                               - Undefined Weak Reference
    _fp_trap_init                             - Undefined Weak Reference
    _fp_trap_shutdown                         - Undefined Weak Reference
    _get_lc_collate                           - Undefined Weak Reference
    _get_lc_monetary                          - Undefined Weak Reference
    _get_lc_time                              - Undefined Weak Reference
    _getenv_init                              - Undefined Weak Reference
    _handle_redirection                       - Undefined Weak Reference
    _init_alloc                               - Undefined Weak Reference
    _init_user_alloc                          - Undefined Weak Reference
    _initio                                   - Undefined Weak Reference
    _printf_mbtowc                            - Undefined Weak Reference
    _printf_wc                                - Undefined Weak Reference
    _rand_init                                - Undefined Weak Reference
    _signal_finish                            - Undefined Weak Reference
    _signal_init                              - Undefined Weak Reference
    _terminate_alloc                          - Undefined Weak Reference
    _terminate_user_alloc                     - Undefined Weak Reference
    _terminateio                              - Undefined Weak Reference
    __Vectors_Size                           0x000001ac   Number         0  startup_ctboard.o ABSOLUTE
    Stack_Size                               0x00002000   Number         0  startup_ctboard.o ABSOLUTE
    __Vectors                                0x08000000   Data           4  startup_ctboard.o(RESET)
    __Vectors_End                            0x080001ac   Data           0  startup_ctboard.o(RESET)
    __scatterload                            0x080001ad   Thumb Code     0  __scatter.o(!!!scatter)
    __scatterload_rt2                        0x080001ad   Thumb Code    74  __scatter.o(!!!scatter)
    __scatterload_rt2_thumb_only             0x080001ad   Thumb Code     0  __scatter.o(!!!scatter)
    __scatterload_loop                       0x080001b7   Thumb Code     0  __scatter.o(!!!scatter)
    __scatterload_copy                       0x08000201   Thumb Code    26  __scatter_copy.o(!!handler_copy)
    __scatterload_zeroinit                   0x0800021d   Thumb Code    28  __scatter_zi.o(!!handler_zi)
    _printf_percent                          0x08000239   Thumb Code     0  _printf_percent.o(.ARM.Collect$$_printf_percent$$00000000)
    _printf_n                                0x0800023b   Thumb Code     0  _printf_n.o(.ARM.Collect$$_printf_percent$$00000001)
    _printf_p                                0x08000245   Thumb Code     0  _printf_p.o(.ARM.Collect$$_printf_percent$$00000002)
    _printf_f                                0x0800024f   Thumb Code     0  _printf_f.o(.ARM.Collect$$_printf_percent$$00000003)
    _printf_e                                0x08000259   Thumb Code     0  _printf_e.o(.ARM.Collect$$_printf_percent$$00000004)
    _printf_g                                0x08000263   Thumb Code     0  _printf_g.o(.ARM.Collect$$_printf_percent$$00000005)
    _printf_a                                0x0800026d   Thumb Code     0  _printf_a.o(.ARM.Collect$$_printf_percent$$00000006)
    _printf_ll                               0x08000277   Thumb Code     0  _printf_ll.o(.ARM.Collect$$_printf_percent$$00000007)
    _printf_i                                0x08000281   Thumb Code     0  _printf_i.o(.ARM.Collect$$_printf_percent$$00000008)
    _printf_d                                0x0800028b   Thumb Code     0  _printf_d.o(.ARM.Collect$$_printf_percent$$00000009)
    _printf_u                                0x08000295   Thumb Code     0  _printf_u.o(.ARM.Collect$$_printf_percent$$0000000A)
    _printf_o                                0x0800029f   Thumb Code     0  _printf_o.o(.ARM.Collect$$_printf_percent$$0000000B)
    _printf_x                                0x080002a9   Thumb Code     0  _printf_x.o(.ARM.Collect$$_printf_percent$$0000000C)
    _printf_lli                              0x080002b3   Thumb Code     0  _printf_lli.o(.ARM.Collect$$_printf_percent$$0000000D)
    _printf_lld                              0x080002bd   Thumb Code     0  _printf_lld.o(.ARM.Collect$$_printf_percent$$0000000E)
    _printf_llu                              0x080002c7   Thumb Code     0  _printf_llu.o(.ARM.Collect$$_printf_percent$$0000000F)
    _printf_llo                              0x080002d1   Thumb Code     0  _printf_llo.o(.ARM.Collect$$_printf_percent$$00000010)
    _printf_llx                              0x080002db   Thumb Code     0  _printf_llx.o(.ARM.Collect$$_printf_percent$$00000011)
    _printf_l                                0x080002e5   Thumb Code     0  _printf_l.o(.ARM.Collect$$_printf_percent$$00000012)
    _printf_c                                0x080002ef   Thumb Code     0  _printf_c.o(.ARM.Collect$$_printf_percent$$00000013)
    _printf_s                                0x080002f9   Thumb Code     0  _printf_s.o(.ARM.Collect$$_printf_percent$$00000014)
    _printf_lc                               0x08000303   Thumb Code     0  _printf_lc.o(.ARM.Collect$$_printf_percent$$00000015)
    _printf_ls                               0x0800030d   Thumb Code     0  _printf_ls.o(.ARM.Collect$$_printf_percent$$00000016)
    _printf_percent_end                      0x08000317   Thumb Code     0  _printf_percent_end.o(.ARM.Collect$$_printf_percent$$00000017)
    __rt_lib_init                            0x0800031b   Thumb Code     0  libinit.o(.ARM.Collect$$libinit$$00000000)
    __rt_lib_init_fp_1                       0x0800031d   Thumb Code     0  libinit2.o(.ARM.Collect$$libinit$$00000002)
    __rt_lib_init_heap_1                     0x0800031d   Thumb Code     0  libinit2.o(.ARM.Collect$$libinit$$0000000C)
    __rt_lib_init_lc_common                  0x0800031d   Thumb Code     0  libinit2.o(.ARM.Collect$$libinit$$00000011)
    __rt_lib_init_preinit_1                  0x0800031d   Thumb Code     0  libinit2.o(.ARM.Collect$$libinit$$00000006)
    __rt_lib_init_rand_1                     0x0800031d   Thumb Code     0  libinit2.o(.ARM.Collect$$libinit$$00000010)
    __rt_lib_init_relocate_pie_1             0x0800031d   Thumb Code     0  libinit2.o(.ARM.Collect$$libinit$$00000004)
    __rt_lib_init_user_alloc_1               0x0800031d   Thumb Code     0  libinit2.o(.ARM.Collect$$libinit$$0000000E)
    __rt_lib_init_lc_collate_1               0x08000323   Thumb Code     0  libinit2.o(.ARM.Collect$$libinit$$00000013)
    __rt_lib_init_lc_ctype_2                 0x08000323   Thumb Code     0  libinit2.o(.ARM.Collect$$libinit$$00000014)
    __rt_lib_init_lc_ctype_1                 0x0800032f   Thumb Code     0  libinit2.o(.ARM.Collect$$libinit$$00000015)
    __rt_lib_init_lc_monetary_1              0x0800032f   Thumb Code     0  libinit2.o(.ARM.Collect$$libinit$$00000017)
    __rt_lib_init_lc_numeric_2               0x0800032f   Thumb Code     0  libinit2.o(.ARM.Collect$$libinit$$00000018)
    __rt_lib_init_alloca_1                   0x08000339   Thumb Code     0  libinit2.o(.ARM.Collect$$libinit$$00000030)
    __rt_lib_init_argv_1                     0x08000339   Thumb Code     0  libinit2.o(.ARM.Collect$$libinit$$0000002E)
    __rt_lib_init_atexit_1                   0x08000339   Thumb Code     0  libinit2.o(.ARM.Collect$$libinit$$0000001D)
    __rt_lib_init_clock_1                    0x08000339   Thumb Code     0  libinit2.o(.ARM.Collect$$libinit$$00000023)
    __rt_lib_init_cpp_1                      0x08000339   Thumb Code     0  libinit2.o(.ARM.Collect$$libinit$$00000034)
    __rt_lib_init_exceptions_1               0x08000339   Thumb Code     0  libinit2.o(.ARM.Collect$$libinit$$00000032)
    __rt_lib_init_fp_trap_1                  0x08000339   Thumb Code     0  libinit2.o(.ARM.Collect$$libinit$$00000021)
    __rt_lib_init_getenv_1                   0x08000339   Thumb Code     0  libinit2.o(.ARM.Collect$$libinit$$00000025)
    __rt_lib_init_lc_numeric_1               0x08000339   Thumb Code     0  libinit2.o(.ARM.Collect$$libinit$$00000019)
    __rt_lib_init_lc_time_1                  0x08000339   Thumb Code     0  libinit2.o(.ARM.Collect$$libinit$$0000001B)
    __rt_lib_init_return                     0x08000339   Thumb Code     0  libinit2.o(.ARM.Collect$$libinit$$00000035)
    __rt_lib_init_signal_1                   0x08000339   Thumb Code     0  libinit2.o(.ARM.Collect$$libinit$$0000001F)
    __rt_lib_init_stdio_1                    0x08000339   Thumb Code     0  libinit2.o(.ARM.Collect$$libinit$$00000027)
    __rt_lib_shutdown                        0x0800033b   Thumb Code     0  libshutdown.o(.ARM.Collect$$libshutdown$$00000000)
    __rt_lib_shutdown_cpp_1                  0x0800033d   Thumb Code     0  libshutdown2.o(.ARM.Collect$$libshutdown$$00000002)
    __rt_lib_shutdown_fp_trap_1              0x0800033d   Thumb Code     0  libshutdown2.o(.ARM.Collect$$libshutdown$$00000007)
    __rt_lib_shutdown_heap_1                 0x0800033d   Thumb Code     0  libshutdown2.o(.ARM.Collect$$libshutdown$$0000000F)
    __rt_lib_shutdown_return                 0x0800033d   Thumb Code     0  libshutdown2.o(.ARM.Collect$$libshutdown$$00000010)
    __rt_lib_shutdown_signal_1               0x0800033d   Thumb Code     0  libshutdown2.o(.ARM.Collect$$libshutdown$$0000000A)
    __rt_lib_shutdown_stdio_1                0x0800033d   Thumb Code     0  libshutdown2.o(.ARM.Collect$$libshutdown$$00000004)
    __rt_lib_shutdown_user_alloc_1           0x0800033d   Thumb Code     0  libshutdown2.o(.ARM.Collect$$libshutdown$$0000000C)
    __rt_entry                               0x0800033f   Thumb Code     0  __rtentry.o(.ARM.Collect$$rtentry$$00000000)
    __rt_entry_presh_1                       0x0800033f   Thumb Code     0  __rtentry2.o(.ARM.Collect$$rtentry$$00000002)
    __rt_entry_sh                            0x0800033f   Thumb Code     0  __rtentry4.o(.ARM.Collect$$rtentry$$00000004)
    __rt_entry_li                            0x08000345   Thumb Code     0  __rtentry2.o(.ARM.Collect$$rtentry$$0000000A)
    __rt_entry_postsh_1                      0x08000345   Thumb Code     0  __rtentry2.o(.ARM.Collect$$rtentry$$00000009)
    __rt_entry_main                          0x08000349   Thumb Code     0  __rtentry2.o(.ARM.Collect$$rtentry$$0000000D)
    __rt_entry_postli_1                      0x08000349   Thumb Code     0  __rtentry2.o(.ARM.Collect$$rtentry$$0000000C)
    __rt_exit                                0x08000351   Thumb Code     0  rtexit.o(.ARM.Collect$$rtexit$$00000000)
    __rt_exit_ls                             0x08000353   Thumb Code     0  rtexit2.o(.ARM.Collect$$rtexit$$00000003)
    __rt_exit_prels_1                        0x08000353   Thumb Code     0  rtexit2.o(.ARM.Collect$$rtexit$$00000002)
    __rt_exit_exit                           0x08000357   Thumb Code     0  rtexit2.o(.ARM.Collect$$rtexit$$00000004)
    main                                     0x0800035d   Thumb Code   144  main.o(.text)
    button_state_eval                        0x080003ed   Thumb Code    32  button_state.o(.text)
    counter_increment                        0x08000415   Thumb Code    28  counter.o(.text)
    counter_read                             0x08000435   Thumb Code     8  counter.o(.text)
    display_write_throw                      0x08000441   Thumb Code    20  display.o(.text)
    display_write_value                      0x08000455   Thumb Code    56  display.o(.text)
    display_write_total                      0x080004d1   Thumb Code    36  display.o(.text)
    display_clear                            0x080004f9   Thumb Code    28  display.o(.text)
    statistics_add_throw                     0x08000519   Thumb Code    52  statistics.o(.text)
    statistics_read                          0x08000551   Thumb Code    76  statistics.o(.text)
    __main                                   0x080005a1   Thumb Code     8  datainit_ctboard.o(.text)
    __user_setup_stackheap                   0x080005a9   Thumb Code    16  datainit_ctboard.o(.text)
    Reset_Handler                            0x080005c9   Thumb Code     8  startup_ctboard.o(.text)
    NMI_Handler                              0x080005d1   Thumb Code     2  startup_ctboard.o(.text)
    HardFault_Handler                        0x080005d3   Thumb Code     2  startup_ctboard.o(.text)
    MemManage_Handler                        0x080005d5   Thumb Code     2  startup_ctboard.o(.text)
    BusFault_Handler                         0x080005d7   Thumb Code     2  startup_ctboard.o(.text)
    UsageFault_Handler                       0x080005d9   Thumb Code     2  startup_ctboard.o(.text)
    SVC_Handler                              0x080005db   Thumb Code     2  startup_ctboard.o(.text)
    DebugMon_Handler                         0x080005dd   Thumb Code     2  startup_ctboard.o(.text)
    PendSV_Handler                           0x080005df   Thumb Code     2  startup_ctboard.o(.text)
    SysTick_Handler                          0x080005e1   Thumb Code     2  startup_ctboard.o(.text)
    ADC_IRQHandler                           0x080005e3   Thumb Code     0  startup_ctboard.o(.text)
    CAN1_RX0_IRQHandler                      0x080005e3   Thumb Code     0  startup_ctboard.o(.text)
    CAN1_RX1_IRQHandler                      0x080005e3   Thumb Code     0  startup_ctboard.o(.text)
    CAN1_SCE_IRQHandler                      0x080005e3   Thumb Code     0  startup_ctboard.o(.text)
    CAN1_TX_IRQHandler                       0x080005e3   Thumb Code     0  startup_ctboard.o(.text)
    CAN2_RX0_IRQHandler                      0x080005e3   Thumb Code     0  startup_ctboard.o(.text)
    CAN2_RX1_IRQHandler                      0x080005e3   Thumb Code     0  startup_ctboard.o(.text)
    CAN2_SCE_IRQHandler                      0x080005e3   Thumb Code     0  startup_ctboard.o(.text)
    CAN2_TX_IRQHandler                       0x080005e3   Thumb Code     0  startup_ctboard.o(.text)
    CRYP_IRQHandler                          0x080005e3   Thumb Code     0  startup_ctboard.o(.text)
    DCMI_IRQHandler                          0x080005e3   Thumb Code     0  startup_ctboard.o(.text)
    DMA1_Stream0_IRQHandler                  0x080005e3   Thumb Code     0  startup_ctboard.o(.text)
    DMA1_Stream1_IRQHandler                  0x080005e3   Thumb Code     0  startup_ctboard.o(.text)
    DMA1_Stream2_IRQHandler                  0x080005e3   Thumb Code     0  startup_ctboard.o(.text)
    DMA1_Stream3_IRQHandler                  0x080005e3   Thumb Code     0  startup_ctboard.o(.text)
    DMA1_Stream4_IRQHandler                  0x080005e3   Thumb Code     0  startup_ctboard.o(.text)
    DMA1_Stream5_IRQHandler                  0x080005e3   Thumb Code     0  startup_ctboard.o(.text)
    DMA1_Stream6_IRQHandler                  0x080005e3   Thumb Code     0  startup_ctboard.o(.text)
    DMA1_Stream7_IRQHandler                  0x080005e3   Thumb Code     0  startup_ctboard.o(.text)
    DMA2D_IRQHandler                         0x080005e3   Thumb Code     0  startup_ctboard.o(.text)
    DMA2_Stream0_IRQHandler                  0x080005e3   Thumb Code     0  startup_ctboard.o(.text)
    DMA2_Stream1_IRQHandler                  0x080005e3   Thumb Code     0  startup_ctboard.o(.text)
    DMA2_Stream2_IRQHandler                  0x080005e3   Thumb Code     0  startup_ctboard.o(.text)
    DMA2_Stream3_IRQHandler                  0x080005e3   Thumb Code     0  startup_ctboard.o(.text)
    DMA2_Stream4_IRQHandler                  0x080005e3   Thumb Code     0  startup_ctboard.o(.text)
    DMA2_Stream5_IRQHandler                  0x080005e3   Thumb Code     0  startup_ctboard.o(.text)
    DMA2_Stream6_IRQHandler                  0x080005e3   Thumb Code     0  startup_ctboard.o(.text)
    DMA2_Stream7_IRQHandler                  0x080005e3   Thumb Code     0  startup_ctboard.o(.text)
    ETH_IRQHandler                           0x080005e3   Thumb Code     0  startup_ctboard.o(.text)
    ETH_WKUP_IRQHandler                      0x080005e3   Thumb Code     0  startup_ctboard.o(.text)
    EXTI0_IRQHandler                         0x080005e3   Thumb Code     0  startup_ctboard.o(.text)
    EXTI15_10_IRQHandler                     0x080005e3   Thumb Code     0  startup_ctboard.o(.text)
    EXTI1_IRQHandler                         0x080005e3   Thumb Code     0  startup_ctboard.o(.text)
    EXTI2_IRQHandler                         0x080005e3   Thumb Code     0  startup_ctboard.o(.text)
    EXTI3_IRQHandler                         0x080005e3   Thumb Code     0  startup_ctboard.o(.text)
    EXTI4_IRQHandler                         0x080005e3   Thumb Code     0  startup_ctboard.o(.text)
    EXTI9_5_IRQHandler                       0x080005e3   Thumb Code     0  startup_ctboard.o(.text)
    FLASH_IRQHandler                         0x080005e3   Thumb Code     0  startup_ctboard.o(.text)
    FMC_IRQHandler                           0x080005e3   Thumb Code     0  startup_ctboard.o(.text)
    FPU_IRQHandler                           0x080005e3   Thumb Code     0  startup_ctboard.o(.text)
    HASH_RNG_IRQHandler                      0x080005e3   Thumb Code     0  startup_ctboard.o(.text)
    I2C1_ER_IRQHandler                       0x080005e3   Thumb Code     0  startup_ctboard.o(.text)
    I2C1_EV_IRQHandler                       0x080005e3   Thumb Code     0  startup_ctboard.o(.text)
    I2C2_ER_IRQHandler                       0x080005e3   Thumb Code     0  startup_ctboard.o(.text)
    I2C2_EV_IRQHandler                       0x080005e3   Thumb Code     0  startup_ctboard.o(.text)
    I2C3_ER_IRQHandler                       0x080005e3   Thumb Code     0  startup_ctboard.o(.text)
    I2C3_EV_IRQHandler                       0x080005e3   Thumb Code     0  startup_ctboard.o(.text)
    LTDC_ER_IRQHandler                       0x080005e3   Thumb Code     0  startup_ctboard.o(.text)
    LTDC_IRQHandler                          0x080005e3   Thumb Code     0  startup_ctboard.o(.text)
    OTG_FS_IRQHandler                        0x080005e3   Thumb Code     0  startup_ctboard.o(.text)
    OTG_FS_WKUP_IRQHandler                   0x080005e3   Thumb Code     0  startup_ctboard.o(.text)
    OTG_HS_EP1_IN_IRQHandler                 0x080005e3   Thumb Code     0  startup_ctboard.o(.text)
    OTG_HS_EP1_OUT_IRQHandler                0x080005e3   Thumb Code     0  startup_ctboard.o(.text)
    OTG_HS_IRQHandler                        0x080005e3   Thumb Code     0  startup_ctboard.o(.text)
    OTG_HS_WKUP_IRQHandler                   0x080005e3   Thumb Code     0  startup_ctboard.o(.text)
    PVD_IRQHandler                           0x080005e3   Thumb Code     0  startup_ctboard.o(.text)
    RCC_IRQHandler                           0x080005e3   Thumb Code     0  startup_ctboard.o(.text)
    RTC_Alarm_IRQHandler                     0x080005e3   Thumb Code     0  startup_ctboard.o(.text)
    RTC_WKUP_IRQHandler                      0x080005e3   Thumb Code     0  startup_ctboard.o(.text)
    SAI1_IRQHandler                          0x080005e3   Thumb Code     0  startup_ctboard.o(.text)
    SDIO_IRQHandler                          0x080005e3   Thumb Code     0  startup_ctboard.o(.text)
    SPI1_IRQHandler                          0x080005e3   Thumb Code     0  startup_ctboard.o(.text)
    SPI2_IRQHandler                          0x080005e3   Thumb Code     0  startup_ctboard.o(.text)
    SPI3_IRQHandler                          0x080005e3   Thumb Code     0  startup_ctboard.o(.text)
    SPI4_IRQHandler                          0x080005e3   Thumb Code     0  startup_ctboard.o(.text)
    SPI5_IRQHandler                          0x080005e3   Thumb Code     0  startup_ctboard.o(.text)
    SPI6_IRQHandler                          0x080005e3   Thumb Code     0  startup_ctboard.o(.text)
    TAMP_STAMP_IRQHandler                    0x080005e3   Thumb Code     0  startup_ctboard.o(.text)
    TIM1_BRK_TIM9_IRQHandler                 0x080005e3   Thumb Code     0  startup_ctboard.o(.text)
    TIM1_CC_IRQHandler                       0x080005e3   Thumb Code     0  startup_ctboard.o(.text)
    TIM1_TRG_COM_TIM11_IRQHandler            0x080005e3   Thumb Code     0  startup_ctboard.o(.text)
    TIM1_UP_TIM10_IRQHandler                 0x080005e3   Thumb Code     0  startup_ctboard.o(.text)
    TIM2_IRQHandler                          0x080005e3   Thumb Code     0  startup_ctboard.o(.text)
    TIM3_IRQHandler                          0x080005e3   Thumb Code     0  startup_ctboard.o(.text)
    TIM4_IRQHandler                          0x080005e3   Thumb Code     0  startup_ctboard.o(.text)
    TIM5_IRQHandler                          0x080005e3   Thumb Code     0  startup_ctboard.o(.text)
    TIM6_DAC_IRQHandler                      0x080005e3   Thumb Code     0  startup_ctboard.o(.text)
    TIM7_IRQHandler                          0x080005e3   Thumb Code     0  startup_ctboard.o(.text)
    TIM8_BRK_TIM12_IRQHandler                0x080005e3   Thumb Code     0  startup_ctboard.o(.text)
    TIM8_CC_IRQHandler                       0x080005e3   Thumb Code     0  startup_ctboard.o(.text)
    TIM8_TRG_COM_TIM14_IRQHandler            0x080005e3   Thumb Code     0  startup_ctboard.o(.text)
    TIM8_UP_TIM13_IRQHandler                 0x080005e3   Thumb Code     0  startup_ctboard.o(.text)
    UART4_IRQHandler                         0x080005e3   Thumb Code     0  startup_ctboard.o(.text)
    UART5_IRQHandler                         0x080005e3   Thumb Code     0  startup_ctboard.o(.text)
    UART7_IRQHandler                         0x080005e3   Thumb Code     0  startup_ctboard.o(.text)
    UART8_IRQHandler                         0x080005e3   Thumb Code     0  startup_ctboard.o(.text)
    USART1_IRQHandler                        0x080005e3   Thumb Code     0  startup_ctboard.o(.text)
    USART2_IRQHandler                        0x080005e3   Thumb Code     0  startup_ctboard.o(.text)
    USART3_IRQHandler                        0x080005e3   Thumb Code     0  startup_ctboard.o(.text)
    USART6_IRQHandler                        0x080005e3   Thumb Code     0  startup_ctboard.o(.text)
    WWDG_IRQHandler                          0x080005e3   Thumb Code     0  startup_ctboard.o(.text)
    __system                                 0x080005ed   Thumb Code     8  system_ctboard.o(.text)
    system_enter_run                         0x080005f5   Thumb Code    20  system_ctboard.o(.text)
    system_enter_sleep                       0x08000869   Thumb Code     2  system_ctboard.o(.text)
    system_enter_stop                        0x0800086b   Thumb Code     2  system_ctboard.o(.text)
    system_enter_standby                     0x0800086d   Thumb Code     2  system_ctboard.o(.text)
    _sys_command_string                      0x0800086f   Thumb Code    12  system_ctboard.o(.text)
    _ttywrch                                 0x0800087b   Thumb Code     8  system_ctboard.o(.text)
    _sys_exit                                0x08000883   Thumb Code     8  system_ctboard.o(.text)
    hal_ct_seg7_raw_write                    0x0800088d   Thumb Code   264  hal_ct_seg7.o(.text)
    hal_ct_seg7_bin_write                    0x080009ad   Thumb Code    16  hal_ct_seg7.o(.text)
    hal_ct_seg7_clear                        0x080009c1   Thumb Code    24  hal_ct_seg7.o(.text)
    hal_ct_seg7_clear_all                    0x080009dd   Thumb Code    12  hal_ct_seg7.o(.text)
    hal_ct_seg7_dot_set                      0x080009ed   Thumb Code    24  hal_ct_seg7.o(.text)
    hal_ct_seg7_dot_clear                    0x08000a09   Thumb Code    24  hal_ct_seg7.o(.text)
    hal_ct_seg7_get_bcd                      0x08000a25   Thumb Code    54  hal_ct_seg7.o(.text)
    hal_ct_seg7_get_seg7                     0x08000a5d   Thumb Code    48  hal_ct_seg7.o(.text)
    hal_fmc_reset                            0x08000a91   Thumb Code   196  hal_fmc.o(.text)
    hal_fmc_init_sram                        0x08000b85   Thumb Code   652  hal_fmc.o(.text)
    hal_gpio_reset                           0x08000e35   Thumb Code   112  hal_gpio.o(.text)
    hal_gpio_init_input                      0x08000ead   Thumb Code   122  hal_gpio.o(.text)
    hal_gpio_init_analog                     0x08001001   Thumb Code    74  hal_gpio.o(.text)
    hal_gpio_init_output                     0x0800104b   Thumb Code   206  hal_gpio.o(.text)
    hal_gpio_init_alternate                  0x08001119   Thumb Code   186  hal_gpio.o(.text)
    hal_gpio_input_read                      0x080011d3   Thumb Code    14  hal_gpio.o(.text)
    hal_gpio_output_read                     0x080011e1   Thumb Code    14  hal_gpio.o(.text)
    hal_gpio_output_write                    0x080011ef   Thumb Code    42  hal_gpio.o(.text)
    hal_gpio_bit_set                         0x08001219   Thumb Code    54  hal_gpio.o(.text)
    hal_gpio_bit_reset                       0x0800124f   Thumb Code    54  hal_gpio.o(.text)
    hal_gpio_bit_toggle                      0x08001285   Thumb Code    78  hal_gpio.o(.text)
    hal_gpio_irq_set                         0x080012d5   Thumb Code   832  hal_gpio.o(.text)
    hal_gpio_irq_status                      0x08001759   Thumb Code    64  hal_gpio.o(.text)
    hal_gpio_irq_clear                       0x080017a1   Thumb Code    24  hal_gpio.o(.text)
    hal_pwr_reset                            0x080017bd   Thumb Code    16  hal_pwr.o(.text)
    hal_pwr_set_backup_domain                0x080017d5   Thumb Code   148  hal_pwr.o(.text)
    hal_pwr_set_backup_access                0x0800186d   Thumb Code    44  hal_pwr.o(.text)
    hal_pwr_set_wakeup_pin                   0x0800189d   Thumb Code    44  hal_pwr.o(.text)
    hal_pwr_set_flash_powerdown              0x080018cd   Thumb Code    44  hal_pwr.o(.text)
    hal_pwr_set_overdrive                    0x080018fd   Thumb Code    12  hal_pwr.o(.text)
    hal_pwr_set_underdrive                   0x08001909   Thumb Code    12  hal_pwr.o(.text)
    hal_rcc_reset                            0x08001915   Thumb Code   148  hal_rcc.o(.text)
    hal_rcc_set_peripheral                   0x08001a29   Thumb Code   460  hal_rcc.o(.text)
    hal_rcc_set_osc                          0x08001c0d   Thumb Code   240  hal_rcc.o(.text)
    hal_rcc_setup_pll                        0x08001d09   Thumb Code   544  hal_rcc.o(.text)
    hal_rcc_setup_clock                      0x08001f49   Thumb Code   372  hal_rcc.o(.text)
    __use_no_semihosting                     0x080020cd   Thumb Code     2  use_no_semi_2.o(.text)
    sprintf                                  0x080020d1   Thumb Code    40  sprintf.o(.text)
    __aeabi_assert                           0x080020fd   Thumb Code    82  assert.o(.text)
    __assert                                 0x080020fd   Thumb Code     0  assert.o(.text)
    __aeabi_uidiv                            0x08002179   Thumb Code     0  aeabi_sdiv.o(.text)
    __aeabi_uidivmod                         0x08002179   Thumb Code    20  aeabi_sdiv.o(.text)
    __aeabi_idiv                             0x0800218d   Thumb Code     0  aeabi_sdiv.o(.text)
    __aeabi_idivmod                          0x0800218d   Thumb Code   338  aeabi_sdiv.o(.text)
    __semihosting$guard                      0x080022e5   Thumb Code     0  use_no_semi.o(.text)
    __use_no_semihosting_swi                 0x080022e5   Thumb Code     2  use_no_semi.o(.text)
    _printf_pre_padding                      0x080022e7   Thumb Code    44  _printf_pad.o(.text)
    _printf_post_padding                     0x08002313   Thumb Code    34  _printf_pad.o(.text)
    _printf_truncate_signed                  0x08002335   Thumb Code    18  _printf_truncate.o(.text)
    _printf_truncate_unsigned                0x08002347   Thumb Code    18  _printf_truncate.o(.text)
    _printf_str                              0x08002359   Thumb Code    82  _printf_str.o(.text)
    _printf_int_dec                          0x080023ad   Thumb Code    90  _printf_dec.o(.text)
    _printf_charcount                        0x08002419   Thumb Code    38  _printf_charcount.o(.text)
    _printf_char_common                      0x0800244b   Thumb Code    32  _printf_char_common.o(.text)
    _sputc                                   0x08002471   Thumb Code    10  _sputc.o(.text)
    _printf_wctomb                           0x0800247d   Thumb Code   182  _printf_wctomb.o(.text)
    _printf_longlong_dec                     0x08002539   Thumb Code    94  _printf_longlong_dec.o(.text)
    _printf_longlong_oct                     0x080025a9   Thumb Code    68  _printf_oct_int_ll.o(.text)
    _printf_int_oct                          0x080025ed   Thumb Code    24  _printf_oct_int_ll.o(.text)
    _printf_ll_oct                           0x08002605   Thumb Code    10  _printf_oct_int_ll.o(.text)
    _printf_longlong_hex                     0x08002619   Thumb Code    88  _printf_hex_int_ll_ptr.o(.text)
    _printf_int_hex                          0x08002671   Thumb Code    28  _printf_hex_int_ll_ptr.o(.text)
    _printf_ll_hex                           0x0800268d   Thumb Code    10  _printf_hex_int_ll_ptr.o(.text)
    _printf_hex_ptr                          0x08002697   Thumb Code    22  _printf_hex_int_ll_ptr.o(.text)
    __printf                                 0x080026b1   Thumb Code   386  __printf_flags_ss_wp.o(.text)
    abort                                    0x08002839   Thumb Code    20  abort.o(.text)
    __assert_puts                            0x0800284d   Thumb Code    20  assert_puts.o(.text)
    _ll_udiv10                               0x08002861   Thumb Code   122  lludiv10.o(.text)
    _printf_int_common                       0x080028db   Thumb Code   176  _printf_intcommon.o(.text)
    _printf_fp_dec_real                      0x08002b29   Thumb Code   620  _printf_fp_dec.o(.text)
    _printf_fp_hex_real                      0x08002da1   Thumb Code   718  _printf_fp_hex.o(.text)
    _printf_cs_common                        0x08003079   Thumb Code    22  _printf_char.o(.text)
    _printf_char                             0x0800308f   Thumb Code    16  _printf_char.o(.text)
    _printf_string                           0x0800309f   Thumb Code     8  _printf_char.o(.text)
    _printf_lcs_common                       0x080030a7   Thumb Code    22  _printf_wchar.o(.text)
    _printf_wchar                            0x080030bd   Thumb Code    16  _printf_wchar.o(.text)
    _printf_wstring                          0x080030cd   Thumb Code     8  _printf_wchar.o(.text)
    _c32rtomb                                0x080030d5   Thumb Code    66  _c32rtomb.o(.text)
    _wcrtomb                                 0x080030d5   Thumb Code     0  _c32rtomb.o(.text)
    __rt_SIGABRT                             0x08003117   Thumb Code    12  defsig_abrt_outer.o(.text)
    __rt_udiv10                              0x08003123   Thumb Code    40  rtudiv10.o(.text)
    __rt_ctype_table                         0x0800314d   Thumb Code    16  rt_ctype_table.o(.text)
    __rt_locale                              0x0800315d   Thumb Code     8  rt_locale.o(.text)
    _printf_fp_infnan                        0x08003165   Thumb Code   120  _printf_fp_infnan.o(.text)
    _btod_etento                             0x080031ed   Thumb Code   210  bigflt0.o(.text)
    _btod_d2e                                0x080032c5   Thumb Code    64  btod.o(.text)
    _btod_emul                               0x080036f9   Thumb Code    28  btod.o(.text)
    _btod_emuld                              0x08003715   Thumb Code   144  btod.o(.text)
    _btod_ediv                               0x080037a5   Thumb Code    26  btod.o(.text)
    _btod_edivd                              0x080037bf   Thumb Code   124  btod.o(.text)
    exit                                     0x08003845   Thumb Code    16  exit.o(.text)
    __sig_exit                               0x08003855   Thumb Code    12  defsig_exit.o(.text)
    __rt_SIGABRT_inner                       0x08003861   Thumb Code    14  defsig_abrt_inner.o(.text)
    __default_signal_display                 0x08003891   Thumb Code    52  defsig_general.o(.text)
    strcmp                                   0x080038c5   Thumb Code   132  strcmp.o(.text)
    __ARM_common_ll_muluu                    0x0800394d   Thumb Code    48  btod.o(i.__ARM_common_ll_muluu)
    __ARM_fpclassify                         0x0800397d   Thumb Code    40  fpclassify.o(i.__ARM_fpclassify)
    _is_digit                                0x080039a9   Thumb Code    14  __printf_wp.o(i._is_digit)
    _get_lc_numeric                          0x080039b9   Thumb Code    44  lc_numeric_c.o(locale$$code)
    _get_lc_ctype                            0x080039e5   Thumb Code    44  lc_ctype_c.o(locale$$code)
    _printf_fp_dec                           0x08003a11   Thumb Code    16  printf1.o(x$fpl$printf1)
    _printf_fp_hex                           0x08003a21   Thumb Code    16  printf2.o(x$fpl$printf2)
    __I$use$fp                               0x08003a30   Number         0  usenofp.o(x$fpl$usenofp)
    Region$$Table$$Base                      0x08003e08   Number         0  anon$$obj.o(Region$$Table)
    Region$$Table$$Limit                     0x08003e28   Number         0  anon$$obj.o(Region$$Table)
    __ctype                                  0x08003e51   Data           0  lc_ctype_c.o(locale$$data)
    Stack_Mem                                0x20000028   Data        8192  startup_ctboard.o(STACK)



==============================================================================

Memory Map of the image

  Image Entry point : 0x080005c9

  Load Region LR_IROM1 (Base: 0x08000000, Size: 0x00003f60, Max: 0x00200000, ABSOLUTE)

    Execution Region ER_IROM1 (Exec base: 0x08000000, Load base: 0x08000000, Size: 0x00003f54, Max: 0x00200000, ABSOLUTE)

    Exec Addr    Load Addr    Size         Type   Attr      Idx    E Section Name        Object

    0x08000000   0x08000000   0x000001ac   Data   RO           49    RESET               startup_ctboard.o
    0x080001ac   0x080001ac   0x00000054   Code   RO          112    !!!scatter          c_pu.l(__scatter.o)
    0x08000200   0x08000200   0x0000001a   Code   RO          438    !!handler_copy      c_pu.l(__scatter_copy.o)
    0x0800021a   0x0800021a   0x00000002   PAD
    0x0800021c   0x0800021c   0x0000001c   Code   RO          440    !!handler_zi        c_pu.l(__scatter_zi.o)
    0x08000238   0x08000238   0x00000002   Code   RO          204    .ARM.Collect$$_printf_percent$$00000000  c_pu.l(_printf_percent.o)
    0x0800023a   0x0800023a   0x0000000a   Code   RO          193    .ARM.Collect$$_printf_percent$$00000001  c_pu.l(_printf_n.o)
    0x08000244   0x08000244   0x0000000a   Code   RO          195    .ARM.Collect$$_printf_percent$$00000002  c_pu.l(_printf_p.o)
    0x0800024e   0x0800024e   0x0000000a   Code   RO          200    .ARM.Collect$$_printf_percent$$00000003  c_pu.l(_printf_f.o)
    0x08000258   0x08000258   0x0000000a   Code   RO          201    .ARM.Collect$$_printf_percent$$00000004  c_pu.l(_printf_e.o)
    0x08000262   0x08000262   0x0000000a   Code   RO          202    .ARM.Collect$$_printf_percent$$00000005  c_pu.l(_printf_g.o)
    0x0800026c   0x0800026c   0x0000000a   Code   RO          203    .ARM.Collect$$_printf_percent$$00000006  c_pu.l(_printf_a.o)
    0x08000276   0x08000276   0x0000000a   Code   RO          208    .ARM.Collect$$_printf_percent$$00000007  c_pu.l(_printf_ll.o)
    0x08000280   0x08000280   0x0000000a   Code   RO          197    .ARM.Collect$$_printf_percent$$00000008  c_pu.l(_printf_i.o)
    0x0800028a   0x0800028a   0x0000000a   Code   RO          198    .ARM.Collect$$_printf_percent$$00000009  c_pu.l(_printf_d.o)
    0x08000294   0x08000294   0x0000000a   Code   RO          199    .ARM.Collect$$_printf_percent$$0000000A  c_pu.l(_printf_u.o)
    0x0800029e   0x0800029e   0x0000000a   Code   RO          196    .ARM.Collect$$_printf_percent$$0000000B  c_pu.l(_printf_o.o)
    0x080002a8   0x080002a8   0x0000000a   Code   RO          194    .ARM.Collect$$_printf_percent$$0000000C  c_pu.l(_printf_x.o)
    0x080002b2   0x080002b2   0x0000000a   Code   RO          205    .ARM.Collect$$_printf_percent$$0000000D  c_pu.l(_printf_lli.o)
    0x080002bc   0x080002bc   0x0000000a   Code   RO          206    .ARM.Collect$$_printf_percent$$0000000E  c_pu.l(_printf_lld.o)
    0x080002c6   0x080002c6   0x0000000a   Code   RO          207    .ARM.Collect$$_printf_percent$$0000000F  c_pu.l(_printf_llu.o)
    0x080002d0   0x080002d0   0x0000000a   Code   RO          212    .ARM.Collect$$_printf_percent$$00000010  c_pu.l(_printf_llo.o)
    0x080002da   0x080002da   0x0000000a   Code   RO          213    .ARM.Collect$$_printf_percent$$00000011  c_pu.l(_printf_llx.o)
    0x080002e4   0x080002e4   0x0000000a   Code   RO          209    .ARM.Collect$$_printf_percent$$00000012  c_pu.l(_printf_l.o)
    0x080002ee   0x080002ee   0x0000000a   Code   RO          191    .ARM.Collect$$_printf_percent$$00000013  c_pu.l(_printf_c.o)
    0x080002f8   0x080002f8   0x0000000a   Code   RO          192    .ARM.Collect$$_printf_percent$$00000014  c_pu.l(_printf_s.o)
    0x08000302   0x08000302   0x0000000a   Code   RO          210    .ARM.Collect$$_printf_percent$$00000015  c_pu.l(_printf_lc.o)
    0x0800030c   0x0800030c   0x0000000a   Code   RO          211    .ARM.Collect$$_printf_percent$$00000016  c_pu.l(_printf_ls.o)
    0x08000316   0x08000316   0x00000004   Code   RO          260    .ARM.Collect$$_printf_percent$$00000017  c_pu.l(_printf_percent_end.o)
    0x0800031a   0x0800031a   0x00000002   Code   RO          307    .ARM.Collect$$libinit$$00000000  c_pu.l(libinit.o)
    0x0800031c   0x0800031c   0x00000000   Code   RO          332    .ARM.Collect$$libinit$$00000002  c_pu.l(libinit2.o)
    0x0800031c   0x0800031c   0x00000000   Code   RO          334    .ARM.Collect$$libinit$$00000004  c_pu.l(libinit2.o)
    0x0800031c   0x0800031c   0x00000000   Code   RO          336    .ARM.Collect$$libinit$$00000006  c_pu.l(libinit2.o)
    0x0800031c   0x0800031c   0x00000000   Code   RO          339    .ARM.Collect$$libinit$$0000000C  c_pu.l(libinit2.o)
    0x0800031c   0x0800031c   0x00000000   Code   RO          341    .ARM.Collect$$libinit$$0000000E  c_pu.l(libinit2.o)
    0x0800031c   0x0800031c   0x00000000   Code   RO          343    .ARM.Collect$$libinit$$00000010  c_pu.l(libinit2.o)
    0x0800031c   0x0800031c   0x00000006   Code   RO          344    .ARM.Collect$$libinit$$00000011  c_pu.l(libinit2.o)
    0x08000322   0x08000322   0x00000000   Code   RO          346    .ARM.Collect$$libinit$$00000013  c_pu.l(libinit2.o)
    0x08000322   0x08000322   0x0000000c   Code   RO          347    .ARM.Collect$$libinit$$00000014  c_pu.l(libinit2.o)
    0x0800032e   0x0800032e   0x00000000   Code   RO          348    .ARM.Collect$$libinit$$00000015  c_pu.l(libinit2.o)
    0x0800032e   0x0800032e   0x00000000   Code   RO          350    .ARM.Collect$$libinit$$00000017  c_pu.l(libinit2.o)
    0x0800032e   0x0800032e   0x0000000a   Code   RO          351    .ARM.Collect$$libinit$$00000018  c_pu.l(libinit2.o)
    0x08000338   0x08000338   0x00000000   Code   RO          352    .ARM.Collect$$libinit$$00000019  c_pu.l(libinit2.o)
    0x08000338   0x08000338   0x00000000   Code   RO          354    .ARM.Collect$$libinit$$0000001B  c_pu.l(libinit2.o)
    0x08000338   0x08000338   0x00000000   Code   RO          356    .ARM.Collect$$libinit$$0000001D  c_pu.l(libinit2.o)
    0x08000338   0x08000338   0x00000000   Code   RO          358    .ARM.Collect$$libinit$$0000001F  c_pu.l(libinit2.o)
    0x08000338   0x08000338   0x00000000   Code   RO          360    .ARM.Collect$$libinit$$00000021  c_pu.l(libinit2.o)
    0x08000338   0x08000338   0x00000000   Code   RO          362    .ARM.Collect$$libinit$$00000023  c_pu.l(libinit2.o)
    0x08000338   0x08000338   0x00000000   Code   RO          364    .ARM.Collect$$libinit$$00000025  c_pu.l(libinit2.o)
    0x08000338   0x08000338   0x00000000   Code   RO          366    .ARM.Collect$$libinit$$00000027  c_pu.l(libinit2.o)
    0x08000338   0x08000338   0x00000000   Code   RO          370    .ARM.Collect$$libinit$$0000002E  c_pu.l(libinit2.o)
    0x08000338   0x08000338   0x00000000   Code   RO          372    .ARM.Collect$$libinit$$00000030  c_pu.l(libinit2.o)
    0x08000338   0x08000338   0x00000000   Code   RO          374    .ARM.Collect$$libinit$$00000032  c_pu.l(libinit2.o)
    0x08000338   0x08000338   0x00000000   Code   RO          376    .ARM.Collect$$libinit$$00000034  c_pu.l(libinit2.o)
    0x08000338   0x08000338   0x00000002   Code   RO          377    .ARM.Collect$$libinit$$00000035  c_pu.l(libinit2.o)
    0x0800033a   0x0800033a   0x00000002   Code   RO          413    .ARM.Collect$$libshutdown$$00000000  c_pu.l(libshutdown.o)
    0x0800033c   0x0800033c   0x00000000   Code   RO          421    .ARM.Collect$$libshutdown$$00000002  c_pu.l(libshutdown2.o)
    0x0800033c   0x0800033c   0x00000000   Code   RO          423    .ARM.Collect$$libshutdown$$00000004  c_pu.l(libshutdown2.o)
    0x0800033c   0x0800033c   0x00000000   Code   RO          426    .ARM.Collect$$libshutdown$$00000007  c_pu.l(libshutdown2.o)
    0x0800033c   0x0800033c   0x00000000   Code   RO          429    .ARM.Collect$$libshutdown$$0000000A  c_pu.l(libshutdown2.o)
    0x0800033c   0x0800033c   0x00000000   Code   RO          431    .ARM.Collect$$libshutdown$$0000000C  c_pu.l(libshutdown2.o)
    0x0800033c   0x0800033c   0x00000000   Code   RO          434    .ARM.Collect$$libshutdown$$0000000F  c_pu.l(libshutdown2.o)
    0x0800033c   0x0800033c   0x00000002   Code   RO          435    .ARM.Collect$$libshutdown$$00000010  c_pu.l(libshutdown2.o)
    0x0800033e   0x0800033e   0x00000000   Code   RO          118    .ARM.Collect$$rtentry$$00000000  c_pu.l(__rtentry.o)
    0x0800033e   0x0800033e   0x00000000   Code   RO          227    .ARM.Collect$$rtentry$$00000002  c_pu.l(__rtentry2.o)
    0x0800033e   0x0800033e   0x00000006   Code   RO          239    .ARM.Collect$$rtentry$$00000004  c_pu.l(__rtentry4.o)
    0x08000344   0x08000344   0x00000000   Code   RO          229    .ARM.Collect$$rtentry$$00000009  c_pu.l(__rtentry2.o)
    0x08000344   0x08000344   0x00000004   Code   RO          230    .ARM.Collect$$rtentry$$0000000A  c_pu.l(__rtentry2.o)
    0x08000348   0x08000348   0x00000000   Code   RO          232    .ARM.Collect$$rtentry$$0000000C  c_pu.l(__rtentry2.o)
    0x08000348   0x08000348   0x00000008   Code   RO          233    .ARM.Collect$$rtentry$$0000000D  c_pu.l(__rtentry2.o)
    0x08000350   0x08000350   0x00000002   Code   RO          316    .ARM.Collect$$rtexit$$00000000  c_pu.l(rtexit.o)
    0x08000352   0x08000352   0x00000000   Code   RO          379    .ARM.Collect$$rtexit$$00000002  c_pu.l(rtexit2.o)
    0x08000352   0x08000352   0x00000004   Code   RO          380    .ARM.Collect$$rtexit$$00000003  c_pu.l(rtexit2.o)
    0x08000356   0x08000356   0x00000006   Code   RO          381    .ARM.Collect$$rtexit$$00000004  c_pu.l(rtexit2.o)
    0x0800035c   0x0800035c   0x00000090   Code   RO            1    .text               main.o
    0x080003ec   0x080003ec   0x00000028   Code   RO            9    .text               button_state.o
    0x08000414   0x08000414   0x0000002c   Code   RO           17    .text               counter.o
    0x08000440   0x08000440   0x000000d8   Code   RO           25    .text               display.o
    0x08000518   0x08000518   0x00000088   Code   RO           33    .text               statistics.o
    0x080005a0   0x080005a0   0x00000028   Code   RO           41    .text               datainit_ctboard.o
    0x080005c8   0x080005c8   0x00000024   Code   RO           50  * .text               startup_ctboard.o
    0x080005ec   0x080005ec   0x0000029e   Code   RO           54    .text               system_ctboard.o
    0x0800088a   0x0800088a   0x00000002   PAD
    0x0800088c   0x0800088c   0x00000204   Code   RO           61    .text               hal_ct_seg7.o
    0x08000a90   0x08000a90   0x000003a4   Code   RO           70    .text               hal_fmc.o
    0x08000e34   0x08000e34   0x00000988   Code   RO           78    .text               hal_gpio.o
    0x080017bc   0x080017bc   0x00000158   Code   RO           85    .text               hal_pwr.o
    0x08001914   0x08001914   0x000007b8   Code   RO           92    .text               hal_rcc.o
    0x080020cc   0x080020cc   0x00000002   Code   RO          102    .text               c_pu.l(use_no_semi_2.o)
    0x080020ce   0x080020ce   0x00000002   PAD
    0x080020d0   0x080020d0   0x0000002c   Code   RO          104    .text               c_pu.l(sprintf.o)
    0x080020fc   0x080020fc   0x0000007c   Code   RO          106    .text               c_pu.l(assert.o)
    0x08002178   0x08002178   0x0000016c   Code   RO          108    .text               c_pu.l(aeabi_sdiv.o)
    0x080022e4   0x080022e4   0x00000002   Code   RO          116    .text               c_pu.l(use_no_semi.o)
    0x080022e6   0x080022e6   0x0000004e   Code   RO          125    .text               c_pu.l(_printf_pad.o)
    0x08002334   0x08002334   0x00000024   Code   RO          127    .text               c_pu.l(_printf_truncate.o)
    0x08002358   0x08002358   0x00000052   Code   RO          129    .text               c_pu.l(_printf_str.o)
    0x080023aa   0x080023aa   0x00000002   PAD
    0x080023ac   0x080023ac   0x0000006c   Code   RO          131    .text               c_pu.l(_printf_dec.o)
    0x08002418   0x08002418   0x00000026   Code   RO          133    .text               c_pu.l(_printf_charcount.o)
    0x0800243e   0x0800243e   0x00000002   PAD
    0x08002440   0x08002440   0x00000030   Code   RO          135    .text               c_pu.l(_printf_char_common.o)
    0x08002470   0x08002470   0x0000000a   Code   RO          137    .text               c_pu.l(_sputc.o)
    0x0800247a   0x0800247a   0x00000002   PAD
    0x0800247c   0x0800247c   0x000000bc   Code   RO          139    .text               c_pu.l(_printf_wctomb.o)
    0x08002538   0x08002538   0x00000070   Code   RO          142    .text               c_pu.l(_printf_longlong_dec.o)
    0x080025a8   0x080025a8   0x00000070   Code   RO          148    .text               c_pu.l(_printf_oct_int_ll.o)
    0x08002618   0x08002618   0x00000098   Code   RO          168    .text               c_pu.l(_printf_hex_int_ll_ptr.o)
    0x080026b0   0x080026b0   0x00000188   Code   RO          188    .text               c_pu.l(__printf_flags_ss_wp.o)
    0x08002838   0x08002838   0x00000014   Code   RO          214    .text               c_pu.l(abort.o)
    0x0800284c   0x0800284c   0x00000014   Code   RO          216    .text               c_pu.l(assert_puts.o)
    0x08002860   0x08002860   0x0000007a   Code   RO          243    .text               c_pu.l(lludiv10.o)
    0x080028da   0x080028da   0x000000b0   Code   RO          245    .text               c_pu.l(_printf_intcommon.o)
    0x0800298a   0x0800298a   0x00000002   PAD
    0x0800298c   0x0800298c   0x00000414   Code   RO          247    .text               c_pu.l(_printf_fp_dec.o)
    0x08002da0   0x08002da0   0x000002d8   Code   RO          251    .text               c_pu.l(_printf_fp_hex.o)
    0x08003078   0x08003078   0x0000002e   Code   RO          256    .text               c_pu.l(_printf_char.o)
    0x080030a6   0x080030a6   0x0000002e   Code   RO          258    .text               c_pu.l(_printf_wchar.o)
    0x080030d4   0x080030d4   0x00000042   Code   RO          261    .text               c_pu.l(_c32rtomb.o)
    0x08003116   0x08003116   0x0000000c   Code   RO          263    .text               c_pu.l(defsig_abrt_outer.o)
    0x08003122   0x08003122   0x00000028   Code   RO          267    .text               c_pu.l(rtudiv10.o)
    0x0800314a   0x0800314a   0x00000002   PAD
    0x0800314c   0x0800314c   0x00000010   Code   RO          269    .text               c_pu.l(rt_ctype_table.o)
    0x0800315c   0x0800315c   0x00000008   Code   RO          273    .text               c_pu.l(rt_locale.o)
    0x08003164   0x08003164   0x00000088   Code   RO          278    .text               c_pu.l(_printf_fp_infnan.o)
    0x080031ec   0x080031ec   0x000000d8   Code   RO          280    .text               c_pu.l(bigflt0.o)
    0x080032c4   0x080032c4   0x00000580   Code   RO          283    .text               c_pu.l(btod.o)
    0x08003844   0x08003844   0x00000010   Code   RO          292    .text               c_pu.l(exit.o)
    0x08003854   0x08003854   0x0000000c   Code   RO          294    .text               c_pu.l(defsig_exit.o)
    0x08003860   0x08003860   0x00000030   Code   RO          296    .text               c_pu.l(defsig_abrt_inner.o)
    0x08003890   0x08003890   0x00000034   Code   RO          325    .text               c_pu.l(defsig_general.o)
    0x080038c4   0x080038c4   0x00000088   Code   RO          329    .text               c_pu.l(strcmp.o)
    0x0800394c   0x0800394c   0x00000030   Code   RO          285    i.__ARM_common_ll_muluu  c_pu.l(btod.o)
    0x0800397c   0x0800397c   0x0000002c   Code   RO          311    i.__ARM_fpclassify  m_ps.l(fpclassify.o)
    0x080039a8   0x080039a8   0x0000000e   Code   RO          181    i._is_digit         c_pu.l(__printf_wp.o)
    0x080039b6   0x080039b6   0x00000002   PAD
    0x080039b8   0x080039b8   0x0000002c   Code   RO          290    locale$$code        c_pu.l(lc_numeric_c.o)
    0x080039e4   0x080039e4   0x0000002c   Code   RO          321    locale$$code        c_pu.l(lc_ctype_c.o)
    0x08003a10   0x08003a10   0x00000010   Code   RO          218    x$fpl$printf1       fz_ps.l(printf1.o)
    0x08003a20   0x08003a20   0x00000010   Code   RO          220    x$fpl$printf2       fz_ps.l(printf2.o)
    0x08003a30   0x08003a30   0x00000000   Code   RO          310    x$fpl$usenofp       fz_ps.l(usenofp.o)
    0x08003a30   0x08003a30   0x00000008   Data   RO          140    .constdata          c_pu.l(_printf_wctomb.o)
    0x08003a38   0x08003a38   0x00000028   Data   RO          169    .constdata          c_pu.l(_printf_hex_int_ll_ptr.o)
    0x08003a60   0x08003a60   0x00000011   Data   RO          189    .constdata          c_pu.l(__printf_flags_ss_wp.o)
    0x08003a71   0x08003a71   0x00000026   Data   RO          252    .constdata          c_pu.l(_printf_fp_hex.o)
    0x08003a97   0x08003a97   0x00000001   PAD
    0x08003a98   0x08003a98   0x00000094   Data   RO          281    .constdata          c_pu.l(bigflt0.o)
    0x08003b2c   0x08003b2c   0x00000010   Data   RO           64    .rodata.hal_ct_seg7_get_seg7.conv_tab  hal_ct_seg7.o
    0x08003b3c   0x08003b3c   0x00000025   Data   RO           27    .rodata.str1.1      display.o
    0x08003b61   0x08003b61   0x0000009c   Data   RO           63    .rodata.str1.1      hal_ct_seg7.o
    0x08003bfd   0x08003bfd   0x00000098   Data   RO           72    .rodata.str1.1      hal_fmc.o
    0x08003c95   0x08003c95   0x00000170   Data   RO           94    .rodata.str1.1      hal_rcc.o
    0x08003e05   0x08003e05   0x00000003   PAD
    0x08003e08   0x08003e08   0x00000020   Data   RO          437    Region$$Table       anon$$obj.o
    0x08003e28   0x08003e28   0x0000001c   Data   RO          289    locale$$data        c_pu.l(lc_numeric_c.o)
    0x08003e44   0x08003e44   0x00000110   Data   RO          320    locale$$data        c_pu.l(lc_ctype_c.o)


    Execution Region RW_IRAM1 (Exec base: 0x20000000, Load base: 0x08003f58, Size: 0x00002028, Max: 0x00030000, ABSOLUTE)

    Exec Addr    Load Addr    Size         Type   Attr      Idx    E Section Name        Object

    0x20000000   0x08003f58   0x00000001   Data   RW           19    .data.dice_counter  counter.o
    0x20000001   0x08003f59   0x00000007   PAD
    0x20000008        -       0x00000014   Zero   RW          274    .bss                c_pu.l(rt_locale.o)
    0x2000001c        -       0x00000001   Zero   RW           11    .bss.last_button_state  button_state.o
    0x2000001d        -       0x00000007   Zero   RW           35    .bss.nr_of_throws   statistics.o
    0x20000024   0x08003f59   0x00000004   PAD
    0x20000028        -       0x00002000   Zero   RW           47    STACK               startup_ctboard.o


==============================================================================

Image component sizes


      Code (inc. data)   RO Data    RW Data    ZI Data      Debug   Object Name

        40          8          0          0          1        638   button_state.o
        44          8          0          1          0        598   counter.o
        40         16          0          0          0        448   datainit_ctboard.o
       216         16         37          0          0       2490   display.o
       516        148        172          0          0       2610   hal_ct_seg7.o
       932        116        152          0          0       3156   hal_fmc.o
      2440        124          0          0          0       8309   hal_gpio.o
       344         24          0          0          0       1806   hal_pwr.o
      1976        536        368          0          0       4828   hal_rcc.o
       144          0          0          0          0        704   main.o
        36          8        428          0       8192        792   startup_ctboard.o
       136          8          0          0          7        840   statistics.o
       670         64          0          0          0       6711   system_ctboard.o

    ----------------------------------------------------------------------
      7536       1076       1192          4       8208      33930   Object Totals
         0          0         32          0          0          0   (incl. Generated)
         2          0          3          3          8          0   (incl. Padding)

    ----------------------------------------------------------------------

      Code (inc. data)   RO Data    RW Data    ZI Data      Debug   Library Member Name

       392          6         17          0          0         76   __printf_flags_ss_wp.o
        14          0          0          0          0         60   __printf_wp.o
         0          0          0          0          0          0   __rtentry.o
        12          0          0          0          0          0   __rtentry2.o
         6          0          0          0          0          0   __rtentry4.o
        84         10          0          0          0         68   __scatter.o
        26          0          0          0          0          0   __scatter_copy.o
        28          0          0          0          0          0   __scatter_zi.o
        66          0          0          0          0         76   _c32rtomb.o
        10          0          0          0          0          0   _printf_a.o
        10          0          0          0          0          0   _printf_c.o
        46          0          0          0          0        100   _printf_char.o
        48          6          0          0          0         88   _printf_char_common.o
        38          0          0          0          0         60   _printf_charcount.o
        10          0          0          0          0          0   _printf_d.o
       108         18          0          0          0         76   _printf_dec.o
        10          0          0          0          0          0   _printf_e.o
        10          0          0          0          0          0   _printf_f.o
      1044         12          0          0          0        116   _printf_fp_dec.o
       728         10         38          0          0         84   _printf_fp_hex.o
       136         16          0          0          0         76   _printf_fp_infnan.o
        10          0          0          0          0          0   _printf_g.o
       152          4         40          0          0        148   _printf_hex_int_ll_ptr.o
        10          0          0          0          0          0   _printf_i.o
       176          0          0          0          0         84   _printf_intcommon.o
        10          0          0          0          0          0   _printf_l.o
        10          0          0          0          0          0   _printf_lc.o
        10          0          0          0          0          0   _printf_ll.o
        10          0          0          0          0          0   _printf_lld.o
        10          0          0          0          0          0   _printf_lli.o
        10          0          0          0          0          0   _printf_llo.o
        10          0          0          0          0          0   _printf_llu.o
        10          0          0          0          0          0   _printf_llx.o
       112         18          0          0          0         76   _printf_longlong_dec.o
        10          0          0          0          0          0   _printf_ls.o
        10          0          0          0          0          0   _printf_n.o
        10          0          0          0          0          0   _printf_o.o
       112         10          0          0          0        112   _printf_oct_int_ll.o
        10          0          0          0          0          0   _printf_p.o
        78          0          0          0          0        100   _printf_pad.o
         2          0          0          0          0          0   _printf_percent.o
         4          0          0          0          0          0   _printf_percent_end.o
        10          0          0          0          0          0   _printf_s.o
        82          0          0          0          0         72   _printf_str.o
        36          0          0          0          0         76   _printf_truncate.o
        10          0          0          0          0          0   _printf_u.o
        46          0          0          0          0        100   _printf_wchar.o
       188          6          8          0          0         80   _printf_wctomb.o
        10          0          0          0          0          0   _printf_x.o
        10          0          0          0          0         60   _sputc.o
        20          0          0          0          0         68   abort.o
       364          4          0          0          0         92   aeabi_sdiv.o
       124         42          0          0          0         68   assert.o
        20          0          0          0          0         68   assert_puts.o
       216          6        148          0          0         80   bigflt0.o
      1456         30          0          0          0        336   btod.o
        48         34          0          0          0         68   defsig_abrt_inner.o
        12          0          0          0          0         68   defsig_abrt_outer.o
        12          0          0          0          0         68   defsig_exit.o
        52          0          0          0          0         72   defsig_general.o
        16          0          0          0          0         68   exit.o
        44         10        272          0          0         76   lc_ctype_c.o
        44         10         28          0          0         76   lc_numeric_c.o
         2          0          0          0          0          0   libinit.o
        30          0          0          0          0          0   libinit2.o
         2          0          0          0          0          0   libshutdown.o
         2          0          0          0          0          0   libshutdown2.o
       122          0          0          0          0         72   lludiv10.o
        16          4          0          0          0         76   rt_ctype_table.o
         8          4          0          0         20         68   rt_locale.o
         2          0          0          0          0          0   rtexit.o
        10          0          0          0          0          0   rtexit2.o
        40          0          0          0          0         60   rtudiv10.o
        44          4          0          0          0         84   sprintf.o
       136          4          0          0          0         72   strcmp.o
         2          0          0          0          0         68   use_no_semi.o
         2          0          0          0          0         68   use_no_semi_2.o
        16          4          0          0          0         76   printf1.o
        16          4          0          0          0         76   printf2.o
         0          0          0          0          0          0   usenofp.o
        44          4          0          0          0         60   fpclassify.o

    ----------------------------------------------------------------------
      6932        280        552          0         20       3776   Library Totals
        16          0          1          0          0          0   (incl. Padding)

    ----------------------------------------------------------------------

      Code (inc. data)   RO Data    RW Data    ZI Data      Debug   Library Name

      6840        268        551          0         20       3564   c_pu.l
        32          8          0          0          0        152   fz_ps.l
        44          4          0          0          0         60   m_ps.l

    ----------------------------------------------------------------------
      6932        280        552          0         20       3776   Library Totals

    ----------------------------------------------------------------------

==============================================================================


      Code (inc. data)   RO Data    RW Data    ZI Data      Debug   

     14468       1356       1744          4       8228      35530   Grand Totals
     14468       1356       1744          4       8228      35530   ELF Image Totals
     14468       1356       1744          4          0          0   ROM Totals

==============================================================================

    Total RO  Size (Code + RO Data)                16212 (  15.83kB)
    Total RW  Size (RW Data + ZI Data)              8232 (   8.04kB)
    Total ROM Size (Code + RO Data + RW Data)      16216 (  15.84kB)

==============================================================================

