<html>
<body>
<pre>
<h1>µVision Build Log</h1>
<h2>Tool Versions:</h2>
IDE-Version: µVision V5.43.1.0
Copyright (C) 2025 ARM Ltd and ARM Germany GmbH. All rights reserved.
License Information: c elfboy6000, l, LIC=----
 
Tool Versions:
Toolchain:       MDK-Lite  Version: 5.43.0.0
Toolchain Path:  C:\Keil\ARM\ARMCLANG\Bin
C Compiler:      ArmClang.exe V6.24
Assembler:       Armasm.exe V6.24
Linker/Locator:  ArmLink.exe V6.24
Library Manager: ArmAr.exe V6.24
Hex Converter:   FromElf.exe V6.24
CPU DLL:         SARMCM3.DLL V5.43.0.0
Dialog DLL:      DCM.DLL V1.17.5.0
Target DLL:      STLink\ST-LINKIII-KEIL_SWO.dll V3.3.1.0
Dialog DLL:      TCM.DLL V1.56.6.0
 
<h2>Project:</h2>
Z:\lab02_bus_cycles\project\Lab.uvprojx
Project File Date:  02/25/2026

<h2>Output:</h2>
*** Using Compiler 'V6.24', folder: 'C:\Keil\ARM\ARMCLANG\Bin'
Rebuild target 'Target 1'
assembling datainit_ctboard.s...
assembling startup_ctboard.s...
compiling system_ctboard.c...
compiling main.c...
compiling hal_pwr.c...
compiling hal_fmc.c...
compiling hal_gpio.c...
compiling hal_rcc.c...
linking...
Program Size: Code=7076 RO-data=964 RW-data=0 ZI-data=8192  
".\build\Lab.axf" - 0 Error(s), 0 Warning(s).

<h2>Software Packages used:</h2>

Package Vendor: InES
                https://ennis.zhaw.ch/pack/InES.CTBoard14_DFP.4.0.4.pack
                InES::CTBoard14_DFP@4.0.4
                CT Board 14 (STM32F429ZI) Device Support
   * Component: Startup Version: 4.0.4
   * Component: FMC Version: 4.0.4
   * Component: GPIO Version: 4.0.4
   * Component: PWR Version: 4.0.4
   * Component: RCC Version: 4.0.4

<h2>Collection of Component include folders:</h2>
  ./RTE/_Target_1
  C:/Arm/InES/CTBoard14_DFP/4.0.4/Device/Include
  C:/Arm/InES/CTBoard14_DFP/4.0.4/Device/Include/m4
  C:/Arm/InES/CTBoard14_DFP/4.0.4/HAL/Include

<h2>Collection of Component Files used:</h2>

   * Component: InES::Device:Startup@4.0.4
      Include file:  Device/Include/system_ctboard.h
      Include file:  Device/Include/reg_stm32f4xx.h
      Source file:   Device/Source/datainit_ctboard.s
      Include file:  Device/Include/m4/platform_ctboard.h
      Source file:   Device/Source/system_ctboard.c
      Source file:   Device/Source/startup_ctboard.s
      Include file:  Device/Include/reg_ctboard.h

   * Component: InES::HAL:FMC@4.0.4
      Include file:  Device/Include/reg_stm32f4xx.h
      Source file:   HAL/Source/hal_fmc.c
      Include file:  HAL/Include/hal_fmc.h
      Include file:  HAL/Include/hal_common.h

   * Component: InES::HAL:GPIO@4.0.4
      Source file:   HAL/Source/hal_gpio.c
      Include file:  Device/Include/reg_stm32f4xx.h
      Include file:  HAL/Include/hal_gpio.h
      Include file:  HAL/Include/hal_common.h

   * Component: InES::HAL:PWR@4.0.4
      Include file:  HAL/Include/hal_common.h
      Include file:  HAL/Include/hal_pwr.h
      Source file:   HAL/Source/hal_pwr.c
      Include file:  Device/Include/reg_stm32f4xx.h

   * Component: InES::HAL:RCC@4.0.4
      Include file:  Device/Include/reg_stm32f4xx.h
      Include file:  HAL/Include/hal_common.h
      Source file:   HAL/Source/hal_rcc.c
      Include file:  HAL/Include/hal_rcc.h
Build Time Elapsed:  00:00:04
</pre>
</body>
</html>
