Component: Arm Compiler for Embedded 6.24 Tool: armlink [5f371500]

==============================================================================

Section Cross References

    adc.o(.text) refers to adc.o(.bss.moving_average) for moving_average
    adc.o(.ARM.exidx) refers to adc.o(.text) for [Anonymous Symbol]
    main.o(.text) refers to adc.o(.text) for adc_init
    main.o(.text) refers to aeabi_sdiv.o(.text) for __aeabi_uidiv
    main.o(.text) refers to hal_ct_lcd.o(.text) for hal_ct_lcd_write
    main.o(.ARM.exidx) refers to main.o(.text) for [Anonymous Symbol]
    datainit_ctboard.o(.text) refers to __scatter.o(!!!scatter) for __scatterload
    datainit_ctboard.o(.text) refers to main.o(.text) for main
    datainit_ctboard.o(.text) refers (Weak) to startup_ctboard.o(STACK) for Stack_Mem
    startup_ctboard.o(RESET) refers to startup_ctboard.o(STACK) for __initial_sp
    startup_ctboard.o(RESET) refers to startup_ctboard.o(.text) for Reset_Handler
    startup_ctboard.o(.text) refers to system_ctboard.o(.text) for __system
    startup_ctboard.o(.text) refers to datainit_ctboard.o(.text) for __main
    system_ctboard.o(.text) refers (Special) to use_no_semi_2.o(.text) for __use_no_semihosting
    system_ctboard.o(.text) refers to hal_rcc.o(.text) for hal_rcc_reset
    system_ctboard.o(.text) refers to hal_pwr.o(.text) for hal_pwr_set_overdrive
    system_ctboard.o(.text) refers to hal_gpio.o(.text) for hal_gpio_init_alternate
    system_ctboard.o(.text) refers to hal_fmc.o(.text) for hal_fmc_init_sram
    system_ctboard.o(.ARM.exidx) refers (Special) to use_no_semi_2.o(.text) for __use_no_semihosting
    system_ctboard.o(.ARM.exidx) refers to system_ctboard.o(.text) for [Anonymous Symbol]
    hal_ct_lcd.o(.text) refers to hal_ct_lcd.o(.rodata.str1.1) for [Anonymous Symbol]
    hal_ct_lcd.o(.ARM.exidx) refers to hal_ct_lcd.o(.text) for [Anonymous Symbol]
    hal_fmc.o(.text) refers to assert.o(.text) for __aeabi_assert
    hal_fmc.o(.text) refers to hal_fmc.o(.rodata.str1.1) for [Anonymous Symbol]
    hal_fmc.o(.ARM.exidx) refers to hal_fmc.o(.text) for [Anonymous Symbol]
    hal_gpio.o(.text) refers to aeabi_sdiv.o(.text) for __aeabi_uidiv
    hal_gpio.o(.ARM.exidx) refers to hal_gpio.o(.text) for [Anonymous Symbol]
    hal_pwr.o(.ARM.exidx) refers to hal_pwr.o(.text) for [Anonymous Symbol]
    hal_rcc.o(.text) refers to assert.o(.text) for __aeabi_assert
    hal_rcc.o(.text) refers to hal_rcc.o(.rodata.str1.1) for [Anonymous Symbol]
    hal_rcc.o(.ARM.exidx) refers to hal_rcc.o(.text) for [Anonymous Symbol]
    use_no_semi_2.o(.text) refers (Special) to use_no_semi.o(.text) for __use_no_semihosting_swi
    assert.o(.text) refers to assert_puts.o(.text) for __assert_puts
    assert.o(.text) refers to aeabi_sdiv.o(.text) for __aeabi_idivmod
    assert.o(.text) refers to abort.o(.text) for abort
    __scatter.o(!!!scatter) refers to __rtentry.o(.ARM.Collect$$rtentry$$00000000) for __rt_entry
    __rtentry.o(.ARM.Collect$$rtentry$$00000000) refers (Special) to __rtentry2.o(.ARM.Collect$$rtentry$$0000000A) for __rt_entry_li
    __rtentry.o(.ARM.Collect$$rtentry$$00000000) refers (Special) to __rtentry2.o(.ARM.Collect$$rtentry$$0000000D) for __rt_entry_main
    __rtentry.o(.ARM.Collect$$rtentry$$00000000) refers (Special) to __rtentry2.o(.ARM.Collect$$rtentry$$0000000C) for __rt_entry_postli_1
    __rtentry.o(.ARM.Collect$$rtentry$$00000000) refers (Special) to __rtentry2.o(.ARM.Collect$$rtentry$$00000009) for __rt_entry_postsh_1
    __rtentry.o(.ARM.Collect$$rtentry$$00000000) refers (Special) to __rtentry2.o(.ARM.Collect$$rtentry$$00000002) for __rt_entry_presh_1
    __rtentry.o(.ARM.Collect$$rtentry$$00000000) refers (Special) to __rtentry4.o(.ARM.Collect$$rtentry$$00000004) for __rt_entry_sh
    aeabi_idiv0_sigfpe.o(.text) refers to rt_div0.o(.text) for __rt_div0
    abort.o(.text) refers to defsig_abrt_outer.o(.text) for __rt_SIGABRT
    abort.o(.text) refers (Weak) to libshutdown.o(.ARM.Collect$$libshutdown$$00000000) for __rt_lib_shutdown
    abort.o(.text) refers to system_ctboard.o(.text) for _sys_exit
    assert_puts.o(.text) refers to system_ctboard.o(.text) for _ttywrch
    __rtentry2.o(.ARM.Collect$$rtentry$$00000008) refers to boardinit2.o(.text) for _platform_post_stackheap_init
    __rtentry2.o(.ARM.Collect$$rtentry$$0000000A) refers to libinit.o(.ARM.Collect$$libinit$$00000000) for __rt_lib_init
    __rtentry2.o(.ARM.Collect$$rtentry$$0000000B) refers to boardinit3.o(.text) for _platform_post_lib_init
    __rtentry2.o(.ARM.Collect$$rtentry$$0000000D) refers to main.o(.text) for main
    __rtentry2.o(.ARM.Collect$$rtentry$$0000000D) refers to exit.o(.text) for exit
    __rtentry2.o(.ARM.exidx) refers to __rtentry2.o(.ARM.Collect$$rtentry$$00000001) for .ARM.Collect$$rtentry$$00000001
    __rtentry2.o(.ARM.exidx) refers to __rtentry2.o(.ARM.Collect$$rtentry$$00000008) for .ARM.Collect$$rtentry$$00000008
    __rtentry2.o(.ARM.exidx) refers to __rtentry2.o(.ARM.Collect$$rtentry$$0000000A) for .ARM.Collect$$rtentry$$0000000A
    __rtentry2.o(.ARM.exidx) refers to __rtentry2.o(.ARM.Collect$$rtentry$$0000000B) for .ARM.Collect$$rtentry$$0000000B
    __rtentry2.o(.ARM.exidx) refers to __rtentry2.o(.ARM.Collect$$rtentry$$0000000D) for .ARM.Collect$$rtentry$$0000000D
    __rtentry4.o(.ARM.Collect$$rtentry$$00000004) refers to datainit_ctboard.o(.text) for __user_setup_stackheap
    __rtentry4.o(.ARM.exidx) refers to __rtentry4.o(.ARM.Collect$$rtentry$$00000004) for .ARM.Collect$$rtentry$$00000004
    rt_div0.o(.text) refers to defsig_fpe_outer.o(.text) for __rt_SIGFPE
    defsig_abrt_outer.o(.text) refers to defsig_abrt_inner.o(.text) for __rt_SIGABRT_inner
    defsig_abrt_outer.o(.text) refers to defsig_exit.o(.text) for __sig_exit
    defsig_abrt_formal.o(.text) refers to rt_raise.o(.text) for __rt_raise
    rt_raise.o(.text) refers to __raise.o(.text) for __raise
    rt_raise.o(.text) refers to system_ctboard.o(.text) for _sys_exit
    exit.o(.text) refers to rtexit.o(.ARM.Collect$$rtexit$$00000000) for __rt_exit
    defsig_exit.o(.text) refers to system_ctboard.o(.text) for _sys_exit
    defsig_abrt_inner.o(.text) refers to defsig_general.o(.text) for __default_signal_display
    defsig_fpe_outer.o(.text) refers to defsig_fpe_inner.o(.text) for __rt_SIGFPE_inner
    defsig_fpe_outer.o(.text) refers to defsig_exit.o(.text) for __sig_exit
    defsig_fpe_formal.o(.text) refers to rt_raise.o(.text) for __rt_raise
    libinit.o(.ARM.Collect$$libinit$$00000000) refers (Special) to libinit2.o(.ARM.Collect$$libinit$$00000030) for __rt_lib_init_alloca_1
    libinit.o(.ARM.Collect$$libinit$$00000000) refers (Special) to libinit2.o(.ARM.Collect$$libinit$$0000002E) for __rt_lib_init_argv_1
    libinit.o(.ARM.Collect$$libinit$$00000000) refers (Special) to libinit2.o(.ARM.Collect$$libinit$$0000001D) for __rt_lib_init_atexit_1
    libinit.o(.ARM.Collect$$libinit$$00000000) refers (Special) to libinit2.o(.ARM.Collect$$libinit$$00000023) for __rt_lib_init_clock_1
    libinit.o(.ARM.Collect$$libinit$$00000000) refers (Special) to libinit2.o(.ARM.Collect$$libinit$$00000034) for __rt_lib_init_cpp_1
    libinit.o(.ARM.Collect$$libinit$$00000000) refers (Special) to libinit2.o(.ARM.Collect$$libinit$$00000032) for __rt_lib_init_exceptions_1
    libinit.o(.ARM.Collect$$libinit$$00000000) refers (Special) to libinit2.o(.ARM.Collect$$libinit$$00000002) for __rt_lib_init_fp_1
    libinit.o(.ARM.Collect$$libinit$$00000000) refers (Special) to libinit2.o(.ARM.Collect$$libinit$$00000021) for __rt_lib_init_fp_trap_1
    libinit.o(.ARM.Collect$$libinit$$00000000) refers (Special) to libinit2.o(.ARM.Collect$$libinit$$00000025) for __rt_lib_init_getenv_1
    libinit.o(.ARM.Collect$$libinit$$00000000) refers (Special) to libinit2.o(.ARM.Collect$$libinit$$0000000C) for __rt_lib_init_heap_1
    libinit.o(.ARM.Collect$$libinit$$00000000) refers (Special) to libinit2.o(.ARM.Collect$$libinit$$00000013) for __rt_lib_init_lc_collate_1
    libinit.o(.ARM.Collect$$libinit$$00000000) refers (Special) to libinit2.o(.ARM.Collect$$libinit$$00000015) for __rt_lib_init_lc_ctype_1
    libinit.o(.ARM.Collect$$libinit$$00000000) refers (Special) to libinit2.o(.ARM.Collect$$libinit$$00000017) for __rt_lib_init_lc_monetary_1
    libinit.o(.ARM.Collect$$libinit$$00000000) refers (Special) to libinit2.o(.ARM.Collect$$libinit$$00000019) for __rt_lib_init_lc_numeric_1
    libinit.o(.ARM.Collect$$libinit$$00000000) refers (Special) to libinit2.o(.ARM.Collect$$libinit$$0000001B) for __rt_lib_init_lc_time_1
    libinit.o(.ARM.Collect$$libinit$$00000000) refers (Special) to libinit2.o(.ARM.Collect$$libinit$$00000006) for __rt_lib_init_preinit_1
    libinit.o(.ARM.Collect$$libinit$$00000000) refers (Special) to libinit2.o(.ARM.Collect$$libinit$$00000010) for __rt_lib_init_rand_1
    libinit.o(.ARM.Collect$$libinit$$00000000) refers (Special) to libinit2.o(.ARM.Collect$$libinit$$00000004) for __rt_lib_init_relocate_pie_1
    libinit.o(.ARM.Collect$$libinit$$00000000) refers (Special) to libinit2.o(.ARM.Collect$$libinit$$00000035) for __rt_lib_init_return
    libinit.o(.ARM.Collect$$libinit$$00000000) refers (Special) to libinit2.o(.ARM.Collect$$libinit$$0000001F) for __rt_lib_init_signal_1
    libinit.o(.ARM.Collect$$libinit$$00000000) refers (Special) to libinit2.o(.ARM.Collect$$libinit$$00000027) for __rt_lib_init_stdio_1
    libinit.o(.ARM.Collect$$libinit$$00000000) refers (Special) to libinit2.o(.ARM.Collect$$libinit$$0000000E) for __rt_lib_init_user_alloc_1
    rtexit.o(.ARM.Collect$$rtexit$$00000000) refers (Special) to rtexit2.o(.ARM.Collect$$rtexit$$00000004) for __rt_exit_exit
    rtexit.o(.ARM.Collect$$rtexit$$00000000) refers (Special) to rtexit2.o(.ARM.Collect$$rtexit$$00000003) for __rt_exit_ls
    rtexit.o(.ARM.Collect$$rtexit$$00000000) refers (Special) to rtexit2.o(.ARM.Collect$$rtexit$$00000002) for __rt_exit_prels_1
    rtexit.o(.ARM.exidx) refers (Special) to rtexit2.o(.ARM.Collect$$rtexit$$00000004) for __rt_exit_exit
    rtexit.o(.ARM.exidx) refers (Special) to rtexit2.o(.ARM.Collect$$rtexit$$00000003) for __rt_exit_ls
    rtexit.o(.ARM.exidx) refers (Special) to rtexit2.o(.ARM.Collect$$rtexit$$00000002) for __rt_exit_prels_1
    rtexit.o(.ARM.exidx) refers to rtexit.o(.ARM.Collect$$rtexit$$00000000) for .ARM.Collect$$rtexit$$00000000
    __raise.o(.text) refers to defsig.o(CL$$defsig) for __default_signal_handler
    defsig_general.o(.text) refers to system_ctboard.o(.text) for _ttywrch
    defsig_fpe_inner.o(.text) refers to defsig_general.o(.text) for __default_signal_display
    libinit2.o(.ARM.Collect$$libinit$$00000012) refers to libinit2.o(.ARM.Collect$$libinit$$00000011) for .ARM.Collect$$libinit$$00000011
    libinit2.o(.ARM.Collect$$libinit$$00000014) refers to libinit2.o(.ARM.Collect$$libinit$$00000011) for .ARM.Collect$$libinit$$00000011
    libinit2.o(.ARM.Collect$$libinit$$00000016) refers to libinit2.o(.ARM.Collect$$libinit$$00000011) for .ARM.Collect$$libinit$$00000011
    libinit2.o(.ARM.Collect$$libinit$$00000018) refers to libinit2.o(.ARM.Collect$$libinit$$00000011) for .ARM.Collect$$libinit$$00000011
    libinit2.o(.ARM.Collect$$libinit$$0000001A) refers to libinit2.o(.ARM.Collect$$libinit$$00000011) for .ARM.Collect$$libinit$$00000011
    libinit2.o(.ARM.Collect$$libinit$$00000028) refers to argv_veneer.o(.text) for __ARM_argv_veneer
    libinit2.o(.ARM.Collect$$libinit$$00000029) refers to argv_veneer.o(.text) for __ARM_argv_veneer
    rtexit2.o(.ARM.Collect$$rtexit$$00000003) refers to libshutdown.o(.ARM.Collect$$libshutdown$$00000000) for __rt_lib_shutdown
    rtexit2.o(.ARM.Collect$$rtexit$$00000004) refers to system_ctboard.o(.text) for _sys_exit
    rtexit2.o(.ARM.exidx) refers to rtexit2.o(.ARM.Collect$$rtexit$$00000001) for .ARM.Collect$$rtexit$$00000001
    rtexit2.o(.ARM.exidx) refers to rtexit2.o(.ARM.Collect$$rtexit$$00000003) for .ARM.Collect$$rtexit$$00000003
    rtexit2.o(.ARM.exidx) refers to rtexit2.o(.ARM.Collect$$rtexit$$00000004) for .ARM.Collect$$rtexit$$00000004
    defsig.o(CL$$defsig) refers to defsig_abrt_inner.o(.text) for __rt_SIGABRT_inner
    defsig.o(CL$$defsig) refers to defsig_fpe_inner.o(.text) for __rt_SIGFPE_inner
    defsig.o(CL$$defsig) refers to defsig_rtmem_inner.o(.text) for __rt_SIGRTMEM_inner
    defsig_rtred_inner.o(.text) refers to defsig_general.o(.text) for __default_signal_display
    defsig_rtmem_inner.o(.text) refers to defsig_general.o(.text) for __default_signal_display
    defsig_stak_inner.o(.text) refers to defsig_general.o(.text) for __default_signal_display
    defsig_pvfn_inner.o(.text) refers to defsig_general.o(.text) for __default_signal_display
    defsig_cppl_inner.o(.text) refers to defsig_general.o(.text) for __default_signal_display
    defsig_segv_inner.o(.text) refers to defsig_general.o(.text) for __default_signal_display
    defsig_other.o(.text) refers to defsig_general.o(.text) for __default_signal_display
    _get_argv_nomalloc.o(.text) refers (Special) to hrguard.o(.text) for __heap_region$guard
    _get_argv_nomalloc.o(.text) refers to defsig_rtmem_outer.o(.text) for __rt_SIGRTMEM
    _get_argv_nomalloc.o(.text) refers to system_ctboard.o(.text) for _sys_command_string
    libshutdown.o(.ARM.Collect$$libshutdown$$00000000) refers (Special) to libshutdown2.o(.ARM.Collect$$libshutdown$$00000002) for __rt_lib_shutdown_cpp_1
    libshutdown.o(.ARM.Collect$$libshutdown$$00000000) refers (Special) to libshutdown2.o(.ARM.Collect$$libshutdown$$00000007) for __rt_lib_shutdown_fp_trap_1
    libshutdown.o(.ARM.Collect$$libshutdown$$00000000) refers (Special) to libshutdown2.o(.ARM.Collect$$libshutdown$$0000000F) for __rt_lib_shutdown_heap_1
    libshutdown.o(.ARM.Collect$$libshutdown$$00000000) refers (Special) to libshutdown2.o(.ARM.Collect$$libshutdown$$00000010) for __rt_lib_shutdown_return
    libshutdown.o(.ARM.Collect$$libshutdown$$00000000) refers (Special) to libshutdown2.o(.ARM.Collect$$libshutdown$$0000000A) for __rt_lib_shutdown_signal_1
    libshutdown.o(.ARM.Collect$$libshutdown$$00000000) refers (Special) to libshutdown2.o(.ARM.Collect$$libshutdown$$00000004) for __rt_lib_shutdown_stdio_1
    libshutdown.o(.ARM.Collect$$libshutdown$$00000000) refers (Special) to libshutdown2.o(.ARM.Collect$$libshutdown$$0000000C) for __rt_lib_shutdown_user_alloc_1
    defsig_rtmem_outer.o(.text) refers to defsig_rtmem_inner.o(.text) for __rt_SIGRTMEM_inner
    defsig_rtmem_outer.o(.text) refers to defsig_exit.o(.text) for __sig_exit
    defsig_rtmem_formal.o(.text) refers to rt_raise.o(.text) for __rt_raise


==============================================================================

Removing Unused input sections from the image.

    Removing adc.o(.ARM.exidx), (24 bytes).
    Removing main.o(.ARM.exidx), (32 bytes).
    Removing main.o(.ARM.use_no_argv), (4 bytes).
    Removing startup_ctboard.o(HEAP), (2048 bytes).
    Removing system_ctboard.o(.ARM.exidx), (96 bytes).
    Removing hal_ct_lcd.o(.ARM.exidx), (24 bytes).
    Removing hal_fmc.o(.ARM.exidx), (16 bytes).
    Removing hal_gpio.o(.ARM.exidx), (136 bytes).
    Removing hal_pwr.o(.ARM.exidx), (56 bytes).
    Removing hal_rcc.o(.ARM.exidx), (40 bytes).

10 unused section(s) (total 2476 bytes) removed from the image.

==============================================================================

Image Symbol Table

    Local Symbols

    Symbol Name                              Value     Ov Type        Size  Object(Section)

    ../clib/angel/boardlib.s                 0x00000000   Number         0  boardinit1.o ABSOLUTE
    ../clib/angel/boardlib.s                 0x00000000   Number         0  boardinit2.o ABSOLUTE
    ../clib/angel/boardlib.s                 0x00000000   Number         0  boardinit3.o ABSOLUTE
    ../clib/angel/boardlib.s                 0x00000000   Number         0  boardshut.o ABSOLUTE
    ../clib/angel/handlers.s                 0x00000000   Number         0  __scatter_zi.o ABSOLUTE
    ../clib/angel/kernel.s                   0x00000000   Number         0  __rtentry.o ABSOLUTE
    ../clib/angel/kernel.s                   0x00000000   Number         0  __rtentry2.o ABSOLUTE
    ../clib/angel/kernel.s                   0x00000000   Number         0  __rtentry4.o ABSOLUTE
    ../clib/angel/kernel.s                   0x00000000   Number         0  rtexit.o ABSOLUTE
    ../clib/angel/kernel.s                   0x00000000   Number         0  rtexit2.o ABSOLUTE
    ../clib/angel/rt.s                       0x00000000   Number         0  aeabi_idiv0.o ABSOLUTE
    ../clib/angel/rt.s                       0x00000000   Number         0  aeabi_idiv0_sigfpe.o ABSOLUTE
    ../clib/angel/rt.s                       0x00000000   Number         0  rt_div0.o ABSOLUTE
    ../clib/angel/rt.s                       0x00000000   Number         0  rt_raise.o ABSOLUTE
    ../clib/angel/scatterp.s                 0x00000000   Number         0  __scatter.o ABSOLUTE
    ../clib/angel/sys.s                      0x00000000   Number         0  use_no_semi_2.o ABSOLUTE
    ../clib/angel/sys.s                      0x00000000   Number         0  use_no_semi.o ABSOLUTE
    ../clib/armsys.c                         0x00000000   Number         0  argv_veneer.o ABSOLUTE
    ../clib/armsys.c                         0x00000000   Number         0  _get_argv_nomalloc.o ABSOLUTE
    ../clib/armsys.c                         0x00000000   Number         0  no_argv.o ABSOLUTE
    ../clib/assert.c                         0x00000000   Number         0  assert.o ABSOLUTE
    ../clib/assert.c                         0x00000000   Number         0  assert_puts.o ABSOLUTE
    ../clib/division.s                       0x00000000   Number         0  aeabi_sdiv.o ABSOLUTE
    ../clib/division.s                       0x00000000   Number         0  aeabi_sdiv_div0.o ABSOLUTE
    ../clib/heapalloc.c                      0x00000000   Number         0  hrguard.o ABSOLUTE
    ../clib/libinit.s                        0x00000000   Number         0  libinit.o ABSOLUTE
    ../clib/libinit.s                        0x00000000   Number         0  libinit2.o ABSOLUTE
    ../clib/libinit.s                        0x00000000   Number         0  libshutdown.o ABSOLUTE
    ../clib/libinit.s                        0x00000000   Number         0  libshutdown2.o ABSOLUTE
    ../clib/signal.c                         0x00000000   Number         0  defsig_abrt_outer.o ABSOLUTE
    ../clib/signal.c                         0x00000000   Number         0  defsig_abrt_formal.o ABSOLUTE
    ../clib/signal.c                         0x00000000   Number         0  defsig_exit.o ABSOLUTE
    ../clib/signal.c                         0x00000000   Number         0  defsig_abrt_inner.o ABSOLUTE
    ../clib/signal.c                         0x00000000   Number         0  defsig_fpe_outer.o ABSOLUTE
    ../clib/signal.c                         0x00000000   Number         0  defsig_fpe_formal.o ABSOLUTE
    ../clib/signal.c                         0x00000000   Number         0  __raise.o ABSOLUTE
    ../clib/signal.c                         0x00000000   Number         0  defsig_general.o ABSOLUTE
    ../clib/signal.c                         0x00000000   Number         0  defsig_fpe_inner.o ABSOLUTE
    ../clib/signal.c                         0x00000000   Number         0  defsig_rtred_inner.o ABSOLUTE
    ../clib/signal.c                         0x00000000   Number         0  defsig_rtmem_inner.o ABSOLUTE
    ../clib/signal.c                         0x00000000   Number         0  defsig_stak_inner.o ABSOLUTE
    ../clib/signal.c                         0x00000000   Number         0  defsig_pvfn_inner.o ABSOLUTE
    ../clib/signal.c                         0x00000000   Number         0  defsig_cppl_inner.o ABSOLUTE
    ../clib/signal.c                         0x00000000   Number         0  defsig_segv_inner.o ABSOLUTE
    ../clib/signal.c                         0x00000000   Number         0  defsig_other.o ABSOLUTE
    ../clib/signal.c                         0x00000000   Number         0  defsig_rtmem_outer.o ABSOLUTE
    ../clib/signal.c                         0x00000000   Number         0  defsig_rtmem_formal.o ABSOLUTE
    ../clib/signal.s                         0x00000000   Number         0  defsig.o ABSOLUTE
    ../clib/stdlib.c                         0x00000000   Number         0  abort.o ABSOLUTE
    ../clib/stdlib.c                         0x00000000   Number         0  exit.o ABSOLUTE
    ../fplib/cfplib/fpinit.c                 0x00000000   Number         0  fpinit.o ABSOLUTE
    RTE/Device/CT_Board_HS14_M0/datainit_ctboard.s 0x00000000   Number         0  datainit_ctboard.o ABSOLUTE
    RTE/Device/CT_Board_HS14_M0/startup_ctboard.s 0x00000000   Number         0  startup_ctboard.o ABSOLUTE
    adc.c                                    0x00000000   Number         0  adc.o ABSOLUTE
    dc.s                                     0x00000000   Number         0  dc.o ABSOLUTE
    hal_ct_lcd.c                             0x00000000   Number         0  hal_ct_lcd.o ABSOLUTE
    hal_fmc.c                                0x00000000   Number         0  hal_fmc.o ABSOLUTE
    hal_gpio.c                               0x00000000   Number         0  hal_gpio.o ABSOLUTE
    hal_pwr.c                                0x00000000   Number         0  hal_pwr.o ABSOLUTE
    hal_rcc.c                                0x00000000   Number         0  hal_rcc.o ABSOLUTE
    main.c                                   0x00000000   Number         0  main.o ABSOLUTE
    system_ctboard.c                         0x00000000   Number         0  system_ctboard.o ABSOLUTE
    RESET                                    0x08000000   Section      428  startup_ctboard.o(RESET)
    !!!scatter                               0x080001ac   Section       84  __scatter.o(!!!scatter)
    !!handler_zi                             0x08000200   Section       28  __scatter_zi.o(!!handler_zi)
    .ARM.Collect$$libinit$$00000000          0x0800021c   Section        2  libinit.o(.ARM.Collect$$libinit$$00000000)
    .ARM.Collect$$libinit$$00000002          0x0800021e   Section        0  libinit2.o(.ARM.Collect$$libinit$$00000002)
    .ARM.Collect$$libinit$$00000004          0x0800021e   Section        0  libinit2.o(.ARM.Collect$$libinit$$00000004)
    .ARM.Collect$$libinit$$00000006          0x0800021e   Section        0  libinit2.o(.ARM.Collect$$libinit$$00000006)
    .ARM.Collect$$libinit$$0000000C          0x0800021e   Section        0  libinit2.o(.ARM.Collect$$libinit$$0000000C)
    .ARM.Collect$$libinit$$0000000E          0x0800021e   Section        0  libinit2.o(.ARM.Collect$$libinit$$0000000E)
    .ARM.Collect$$libinit$$00000010          0x0800021e   Section        0  libinit2.o(.ARM.Collect$$libinit$$00000010)
    .ARM.Collect$$libinit$$00000013          0x0800021e   Section        0  libinit2.o(.ARM.Collect$$libinit$$00000013)
    .ARM.Collect$$libinit$$00000015          0x0800021e   Section        0  libinit2.o(.ARM.Collect$$libinit$$00000015)
    .ARM.Collect$$libinit$$00000017          0x0800021e   Section        0  libinit2.o(.ARM.Collect$$libinit$$00000017)
    .ARM.Collect$$libinit$$00000019          0x0800021e   Section        0  libinit2.o(.ARM.Collect$$libinit$$00000019)
    .ARM.Collect$$libinit$$0000001B          0x0800021e   Section        0  libinit2.o(.ARM.Collect$$libinit$$0000001B)
    .ARM.Collect$$libinit$$0000001D          0x0800021e   Section        0  libinit2.o(.ARM.Collect$$libinit$$0000001D)
    .ARM.Collect$$libinit$$0000001F          0x0800021e   Section        0  libinit2.o(.ARM.Collect$$libinit$$0000001F)
    .ARM.Collect$$libinit$$00000021          0x0800021e   Section        0  libinit2.o(.ARM.Collect$$libinit$$00000021)
    .ARM.Collect$$libinit$$00000023          0x0800021e   Section        0  libinit2.o(.ARM.Collect$$libinit$$00000023)
    .ARM.Collect$$libinit$$00000025          0x0800021e   Section        0  libinit2.o(.ARM.Collect$$libinit$$00000025)
    .ARM.Collect$$libinit$$00000027          0x0800021e   Section        0  libinit2.o(.ARM.Collect$$libinit$$00000027)
    .ARM.Collect$$libinit$$0000002E          0x0800021e   Section        0  libinit2.o(.ARM.Collect$$libinit$$0000002E)
    .ARM.Collect$$libinit$$00000030          0x0800021e   Section        0  libinit2.o(.ARM.Collect$$libinit$$00000030)
    .ARM.Collect$$libinit$$00000032          0x0800021e   Section        0  libinit2.o(.ARM.Collect$$libinit$$00000032)
    .ARM.Collect$$libinit$$00000034          0x0800021e   Section        0  libinit2.o(.ARM.Collect$$libinit$$00000034)
    .ARM.Collect$$libinit$$00000035          0x0800021e   Section        2  libinit2.o(.ARM.Collect$$libinit$$00000035)
    .ARM.Collect$$libshutdown$$00000000      0x08000220   Section        2  libshutdown.o(.ARM.Collect$$libshutdown$$00000000)
    .ARM.Collect$$libshutdown$$00000002      0x08000222   Section        0  libshutdown2.o(.ARM.Collect$$libshutdown$$00000002)
    .ARM.Collect$$libshutdown$$00000004      0x08000222   Section        0  libshutdown2.o(.ARM.Collect$$libshutdown$$00000004)
    .ARM.Collect$$libshutdown$$00000007      0x08000222   Section        0  libshutdown2.o(.ARM.Collect$$libshutdown$$00000007)
    .ARM.Collect$$libshutdown$$0000000A      0x08000222   Section        0  libshutdown2.o(.ARM.Collect$$libshutdown$$0000000A)
    .ARM.Collect$$libshutdown$$0000000C      0x08000222   Section        0  libshutdown2.o(.ARM.Collect$$libshutdown$$0000000C)
    .ARM.Collect$$libshutdown$$0000000F      0x08000222   Section        0  libshutdown2.o(.ARM.Collect$$libshutdown$$0000000F)
    .ARM.Collect$$libshutdown$$00000010      0x08000222   Section        2  libshutdown2.o(.ARM.Collect$$libshutdown$$00000010)
    .ARM.Collect$$rtentry$$00000000          0x08000224   Section        0  __rtentry.o(.ARM.Collect$$rtentry$$00000000)
    .ARM.Collect$$rtentry$$00000002          0x08000224   Section        0  __rtentry2.o(.ARM.Collect$$rtentry$$00000002)
    .ARM.Collect$$rtentry$$00000004          0x08000224   Section        6  __rtentry4.o(.ARM.Collect$$rtentry$$00000004)
    .ARM.Collect$$rtentry$$00000009          0x0800022a   Section        0  __rtentry2.o(.ARM.Collect$$rtentry$$00000009)
    .ARM.Collect$$rtentry$$0000000A          0x0800022a   Section        4  __rtentry2.o(.ARM.Collect$$rtentry$$0000000A)
    .ARM.Collect$$rtentry$$0000000C          0x0800022e   Section        0  __rtentry2.o(.ARM.Collect$$rtentry$$0000000C)
    .ARM.Collect$$rtentry$$0000000D          0x0800022e   Section        8  __rtentry2.o(.ARM.Collect$$rtentry$$0000000D)
    .ARM.Collect$$rtexit$$00000000           0x08000236   Section        2  rtexit.o(.ARM.Collect$$rtexit$$00000000)
    .ARM.Collect$$rtexit$$00000002           0x08000238   Section        0  rtexit2.o(.ARM.Collect$$rtexit$$00000002)
    .ARM.Collect$$rtexit$$00000003           0x08000238   Section        4  rtexit2.o(.ARM.Collect$$rtexit$$00000003)
    .ARM.Collect$$rtexit$$00000004           0x0800023c   Section        6  rtexit2.o(.ARM.Collect$$rtexit$$00000004)
    [Anonymous Symbol]                       0x08000244   Section        0  adc.o(.text)
    __arm_cp.0_0                             0x0800028c   Number         4  adc.o(.text)
    __arm_cp.0_1                             0x08000290   Number         4  adc.o(.text)
    __arm_cp.0_2                             0x08000294   Number         4  adc.o(.text)
    __arm_cp.0_3                             0x08000298   Number         4  adc.o(.text)
    __arm_cp.0_4                             0x0800029c   Number         4  adc.o(.text)
    __arm_cp.0_5                             0x080002a0   Number         4  adc.o(.text)
    __arm_cp.0_6                             0x080002a4   Number         4  adc.o(.text)
    __arm_cp.0_7                             0x080002a8   Number         4  adc.o(.text)
    __arm_cp.0_8                             0x080002ac   Number         4  adc.o(.text)
    __arm_cp.0_9                             0x080002b0   Number         4  adc.o(.text)
    __arm_cp.0_10                            0x080002b4   Number         4  adc.o(.text)
    __arm_cp.1_0                             0x080002ec   Number         4  adc.o(.text)
    __arm_cp.1_1                             0x080002f0   Number         4  adc.o(.text)
    __arm_cp.1_2                             0x080002f4   Number         4  adc.o(.text)
    __arm_cp.1_3                             0x080002f8   Number         4  adc.o(.text)
    __arm_cp.2_0                             0x08000358   Number         4  adc.o(.text)
    [Anonymous Symbol]                       0x0800035c   Section        0  main.o(.text)
    __arm_cp.0_0                             0x08000410   Number         4  main.o(.text)
    __arm_cp.0_1                             0x08000414   Number         4  main.o(.text)
    __arm_cp.0_2                             0x08000418   Number         4  main.o(.text)
    __arm_cp.0_3                             0x0800041c   Number         4  main.o(.text)
    __arm_cp.0_4                             0x08000420   Number         4  main.o(.text)
    normalize_value                          0x08000425   Thumb Code   136  main.o(.text)
    __arm_cp.1_0                             0x080004ac   Number         4  main.o(.text)
    __arm_cp.1_1                             0x080004b0   Number         4  main.o(.text)
    __arm_cp.1_2                             0x080004b4   Number         4  main.o(.text)
    display_on_lcd                           0x080004b9   Thumb Code   290  main.o(.text)
    convert_hex_to_ascii                     0x080005db   Thumb Code   194  main.o(.text)
    .text                                    0x0800069c   Section       40  datainit_ctboard.o(.text)
    .text                                    0x080006c4   Section       36  startup_ctboard.o(.text)
    [Anonymous Symbol]                       0x080006e8   Section        0  system_ctboard.o(.text)
    init_SystemClock                         0x08000705   Thumb Code   168  system_ctboard.o(.text)
    __arm_cp.2_0                             0x080007ac   Number         4  system_ctboard.o(.text)
    __arm_cp.2_1                             0x080007b0   Number         4  system_ctboard.o(.text)
    __arm_cp.2_2                             0x080007b4   Number         4  system_ctboard.o(.text)
    __arm_cp.2_3                             0x080007b8   Number         4  system_ctboard.o(.text)
    __arm_cp.2_4                             0x080007bc   Number         4  system_ctboard.o(.text)
    init_FPU                                 0x080007c1   Thumb Code     2  system_ctboard.o(.text)
    init_FMC_SRAM                            0x080007c5   Thumb Code   340  system_ctboard.o(.text)
    __arm_cp.4_0                             0x08000918   Number         4  system_ctboard.o(.text)
    __arm_cp.4_1                             0x0800091c   Number         4  system_ctboard.o(.text)
    __arm_cp.4_2                             0x08000920   Number         4  system_ctboard.o(.text)
    __arm_cp.4_3                             0x08000924   Number         4  system_ctboard.o(.text)
    __arm_cp.4_4                             0x08000928   Number         4  system_ctboard.o(.text)
    __arm_cp.4_5                             0x0800092c   Number         4  system_ctboard.o(.text)
    __arm_cp.4_6                             0x08000930   Number         4  system_ctboard.o(.text)
    __arm_cp.4_7                             0x08000934   Number         4  system_ctboard.o(.text)
    __arm_cp.4_8                             0x08000938   Number         4  system_ctboard.o(.text)
    __arm_cp.4_9                             0x0800093c   Number         4  system_ctboard.o(.text)
    init_LCD                                 0x08000941   Thumb Code    32  system_ctboard.o(.text)
    __arm_cp.5_0                             0x08000960   Number         4  system_ctboard.o(.text)
    [Anonymous Symbol]                       0x08000988   Section        0  hal_ct_lcd.o(.text)
    __arm_cp.0_0                             0x080009e0   Number         4  hal_ct_lcd.o(.text)
    __arm_cp.1_0                             0x08000a24   Number         4  hal_ct_lcd.o(.text)
    __arm_cp.1_1                             0x08000a28   Number         4  hal_ct_lcd.o(.text)
    __arm_cp.1_2                             0x08000a2c   Number         4  hal_ct_lcd.o(.text)
    __arm_cp.2_0                             0x08000a4c   Number         4  hal_ct_lcd.o(.text)
    [Anonymous Symbol]                       0x08000a50   Section        0  hal_fmc.o(.text)
    __arm_cp.0_0                             0x08000b14   Number         4  hal_fmc.o(.text)
    __arm_cp.0_1                             0x08000b18   Number         4  hal_fmc.o(.text)
    __arm_cp.0_2                             0x08000b1c   Number         4  hal_fmc.o(.text)
    __arm_cp.0_3                             0x08000b20   Number         4  hal_fmc.o(.text)
    __arm_cp.0_4                             0x08000b24   Number         4  hal_fmc.o(.text)
    __arm_cp.0_5                             0x08000b28   Number         4  hal_fmc.o(.text)
    __arm_cp.0_6                             0x08000b2c   Number         4  hal_fmc.o(.text)
    __arm_cp.0_7                             0x08000b30   Number         4  hal_fmc.o(.text)
    __arm_cp.0_8                             0x08000b34   Number         4  hal_fmc.o(.text)
    __arm_cp.0_9                             0x08000b38   Number         4  hal_fmc.o(.text)
    __arm_cp.0_10                            0x08000b3c   Number         4  hal_fmc.o(.text)
    __arm_cp.0_11                            0x08000b40   Number         4  hal_fmc.o(.text)
    __arm_cp.1_0                             0x08000dd0   Number         4  hal_fmc.o(.text)
    __arm_cp.1_1                             0x08000dd4   Number         4  hal_fmc.o(.text)
    __arm_cp.1_2                             0x08000dd8   Number         4  hal_fmc.o(.text)
    __arm_cp.1_3                             0x08000ddc   Number         4  hal_fmc.o(.text)
    __arm_cp.1_4                             0x08000de0   Number         4  hal_fmc.o(.text)
    __arm_cp.1_5                             0x08000de4   Number         4  hal_fmc.o(.text)
    __arm_cp.1_6                             0x08000de8   Number         4  hal_fmc.o(.text)
    __arm_cp.1_7                             0x08000dec   Number         4  hal_fmc.o(.text)
    __arm_cp.1_8                             0x08000df0   Number         4  hal_fmc.o(.text)
    [Anonymous Symbol]                       0x08000df4   Section        0  hal_gpio.o(.text)
    __arm_cp.0_0                             0x08000e64   Number         4  hal_gpio.o(.text)
    __arm_cp.0_1                             0x08000e68   Number         4  hal_gpio.o(.text)
    intercept_overwrite_register             0x08000ee9   Thumb Code    48  hal_gpio.o(.text)
    __arm_cp.2_0                             0x08000f18   Number         4  hal_gpio.o(.text)
    __arm_cp.2_1                             0x08000f1c   Number         4  hal_gpio.o(.text)
    __arm_cp.2_2                             0x08000f20   Number         4  hal_gpio.o(.text)
    create_pattern_mask                      0x08000f25   Thumb Code   156  hal_gpio.o(.text)
    __arm_cp.13_0                            0x080015d4   Number         4  hal_gpio.o(.text)
    __arm_cp.13_1                            0x080015d8   Number         4  hal_gpio.o(.text)
    __arm_cp.13_2                            0x080015dc   Number         4  hal_gpio.o(.text)
    __arm_cp.13_3                            0x080015e0   Number         4  hal_gpio.o(.text)
    __arm_cp.13_4                            0x080015e4   Number         4  hal_gpio.o(.text)
    __arm_cp.13_5                            0x080015e8   Number         4  hal_gpio.o(.text)
    __arm_cp.13_6                            0x080015ec   Number         4  hal_gpio.o(.text)
    __arm_cp.13_7                            0x080015f0   Number         4  hal_gpio.o(.text)
    __arm_cp.13_8                            0x080015f4   Number         4  hal_gpio.o(.text)
    __arm_cp.13_9                            0x080015f8   Number         4  hal_gpio.o(.text)
    __arm_cp.13_10                           0x080015fc   Number         4  hal_gpio.o(.text)
    __arm_cp.13_11                           0x08001600   Number         4  hal_gpio.o(.text)
    __arm_cp.13_12                           0x08001604   Number         4  hal_gpio.o(.text)
    get_syscfg_mask                          0x08001609   Thumb Code   232  hal_gpio.o(.text)
    __arm_cp.14_0                            0x080016f0   Number         4  hal_gpio.o(.text)
    __arm_cp.14_1                            0x080016f4   Number         4  hal_gpio.o(.text)
    __arm_cp.14_2                            0x080016f8   Number         4  hal_gpio.o(.text)
    __arm_cp.14_3                            0x080016fc   Number         4  hal_gpio.o(.text)
    __arm_cp.14_4                            0x08001700   Number         4  hal_gpio.o(.text)
    __arm_cp.14_5                            0x08001704   Number         4  hal_gpio.o(.text)
    __arm_cp.14_6                            0x08001708   Number         4  hal_gpio.o(.text)
    __arm_cp.14_7                            0x0800170c   Number         4  hal_gpio.o(.text)
    __arm_cp.14_8                            0x08001710   Number         4  hal_gpio.o(.text)
    __arm_cp.14_9                            0x08001714   Number         4  hal_gpio.o(.text)
    __arm_cp.15_0                            0x08001758   Number         4  hal_gpio.o(.text)
    __arm_cp.15_1                            0x0800175c   Number         4  hal_gpio.o(.text)
    __arm_cp.16_0                            0x08001778   Number         4  hal_gpio.o(.text)
    [Anonymous Symbol]                       0x0800177c   Section        0  hal_pwr.o(.text)
    __arm_cp.0_0                             0x0800178c   Number         4  hal_pwr.o(.text)
    __arm_cp.0_1                             0x08001790   Number         4  hal_pwr.o(.text)
    __arm_cp.1_0                             0x08001828   Number         4  hal_pwr.o(.text)
    __arm_cp.2_0                             0x08001858   Number         4  hal_pwr.o(.text)
    __arm_cp.3_0                             0x08001888   Number         4  hal_pwr.o(.text)
    __arm_cp.4_0                             0x080018b8   Number         4  hal_pwr.o(.text)
    [Anonymous Symbol]                       0x080018d4   Section        0  hal_rcc.o(.text)
    __arm_cp.0_0                             0x08001968   Number         4  hal_rcc.o(.text)
    __arm_cp.0_1                             0x0800196c   Number         4  hal_rcc.o(.text)
    __arm_cp.0_2                             0x08001970   Number         4  hal_rcc.o(.text)
    __arm_cp.0_3                             0x08001974   Number         4  hal_rcc.o(.text)
    __arm_cp.0_4                             0x08001978   Number         4  hal_rcc.o(.text)
    __arm_cp.0_5                             0x0800197c   Number         4  hal_rcc.o(.text)
    __arm_cp.0_6                             0x08001980   Number         4  hal_rcc.o(.text)
    __arm_cp.0_7                             0x08001984   Number         4  hal_rcc.o(.text)
    __arm_cp.0_8                             0x08001988   Number         4  hal_rcc.o(.text)
    __arm_cp.0_9                             0x0800198c   Number         4  hal_rcc.o(.text)
    __arm_cp.0_10                            0x08001990   Number         4  hal_rcc.o(.text)
    __arm_cp.0_11                            0x08001994   Number         4  hal_rcc.o(.text)
    __arm_cp.0_12                            0x08001998   Number         4  hal_rcc.o(.text)
    __arm_cp.0_13                            0x0800199c   Number         4  hal_rcc.o(.text)
    __arm_cp.0_14                            0x080019a0   Number         4  hal_rcc.o(.text)
    __arm_cp.0_15                            0x080019a4   Number         4  hal_rcc.o(.text)
    __arm_cp.0_16                            0x080019a8   Number         4  hal_rcc.o(.text)
    __arm_cp.0_17                            0x080019ac   Number         4  hal_rcc.o(.text)
    __arm_cp.0_18                            0x080019b0   Number         4  hal_rcc.o(.text)
    __arm_cp.0_19                            0x080019b4   Number         4  hal_rcc.o(.text)
    __arm_cp.0_20                            0x080019b8   Number         4  hal_rcc.o(.text)
    __arm_cp.0_21                            0x080019bc   Number         4  hal_rcc.o(.text)
    __arm_cp.0_22                            0x080019c0   Number         4  hal_rcc.o(.text)
    __arm_cp.0_23                            0x080019c4   Number         4  hal_rcc.o(.text)
    __arm_cp.0_24                            0x080019c8   Number         4  hal_rcc.o(.text)
    __arm_cp.0_25                            0x080019cc   Number         4  hal_rcc.o(.text)
    __arm_cp.0_26                            0x080019d0   Number         4  hal_rcc.o(.text)
    __arm_cp.0_27                            0x080019d4   Number         4  hal_rcc.o(.text)
    __arm_cp.0_28                            0x080019d8   Number         4  hal_rcc.o(.text)
    __arm_cp.0_29                            0x080019dc   Number         4  hal_rcc.o(.text)
    __arm_cp.0_30                            0x080019e0   Number         4  hal_rcc.o(.text)
    __arm_cp.0_31                            0x080019e4   Number         4  hal_rcc.o(.text)
    __arm_cp.1_0                             0x08001bb4   Number         4  hal_rcc.o(.text)
    __arm_cp.1_1                             0x08001bb8   Number         4  hal_rcc.o(.text)
    __arm_cp.1_2                             0x08001bbc   Number         4  hal_rcc.o(.text)
    __arm_cp.1_3                             0x08001bc0   Number         4  hal_rcc.o(.text)
    __arm_cp.1_4                             0x08001bc4   Number         4  hal_rcc.o(.text)
    __arm_cp.1_5                             0x08001bc8   Number         4  hal_rcc.o(.text)
    __arm_cp.2_0                             0x08001cbc   Number         4  hal_rcc.o(.text)
    __arm_cp.2_1                             0x08001cc0   Number         4  hal_rcc.o(.text)
    __arm_cp.2_2                             0x08001cc4   Number         4  hal_rcc.o(.text)
    __arm_cp.3_0                             0x08001ee8   Number         4  hal_rcc.o(.text)
    __arm_cp.3_1                             0x08001eec   Number         4  hal_rcc.o(.text)
    __arm_cp.3_2                             0x08001ef0   Number         4  hal_rcc.o(.text)
    __arm_cp.3_3                             0x08001ef4   Number         4  hal_rcc.o(.text)
    __arm_cp.3_4                             0x08001ef8   Number         4  hal_rcc.o(.text)
    __arm_cp.3_5                             0x08001efc   Number         4  hal_rcc.o(.text)
    __arm_cp.3_6                             0x08001f00   Number         4  hal_rcc.o(.text)
    __arm_cp.3_7                             0x08001f04   Number         4  hal_rcc.o(.text)
    __arm_cp.4_0                             0x0800207c   Number         4  hal_rcc.o(.text)
    __arm_cp.4_1                             0x08002080   Number         4  hal_rcc.o(.text)
    __arm_cp.4_2                             0x08002084   Number         4  hal_rcc.o(.text)
    __arm_cp.4_3                             0x08002088   Number         4  hal_rcc.o(.text)
    .text                                    0x0800208c   Section        2  use_no_semi_2.o(.text)
    .text                                    0x08002090   Section        0  assert.o(.text)
    .text                                    0x0800210c   Section      364  aeabi_sdiv.o(.text)
    .text                                    0x08002278   Section        2  use_no_semi.o(.text)
    .text                                    0x0800227a   Section        0  abort.o(.text)
    .text                                    0x0800228e   Section        0  assert_puts.o(.text)
    .text                                    0x080022a2   Section        0  defsig_abrt_outer.o(.text)
    .text                                    0x080022ae   Section        0  exit.o(.text)
    .text                                    0x080022be   Section        0  defsig_exit.o(.text)
    .text                                    0x080022cc   Section        0  defsig_abrt_inner.o(.text)
    .text                                    0x080022fc   Section        0  defsig_general.o(.text)
    [Anonymous Symbol]                       0x08002330   Section        0  hal_ct_lcd.o(.rodata.str1.1)
    [Anonymous Symbol]                       0x08002345   Section        0  hal_fmc.o(.rodata.str1.1)
    [Anonymous Symbol]                       0x080023dd   Section        0  hal_rcc.o(.rodata.str1.1)
    STACK                                    0x20000020   Section     8192  startup_ctboard.o(STACK)
    __initial_sp                             0x20002020   Data           0  startup_ctboard.o(STACK)

    Global Symbols

    Symbol Name                              Value     Ov Type        Size  Object(Section)

    BuildAttributes$$THM_ISAv3M$S$PE$A:L22$X:L11$S22$IEEE1$IW$~IW$USESV6$~STKCKD$USESV7$WCHAR32$ENUMINT$~SHL$OSPACE$ROPI$EBA8$UX$STANDARDLIB$REQ8$PRES8$EABIv2 0x00000000   Number         0  anon$$obj.o ABSOLUTE
    __ARM_exceptions_init                     - Undefined Weak Reference
    __alloca_initialize                       - Undefined Weak Reference
    __arm_preinit_                            - Undefined Weak Reference
    __arm_relocate_pie_                       - Undefined Weak Reference
    __cpp_initialize__aeabi_                  - Undefined Weak Reference
    __cxa_finalize                            - Undefined Weak Reference
    __rt_locale                               - Undefined Weak Reference
    __scatterload_null                        - Undefined Reference
    __sigvec_lookup                           - Undefined Weak Reference
    _atexit_init                              - Undefined Weak Reference
    _call_atexit_fns                          - Undefined Weak Reference
    _clock_init                               - Undefined Weak Reference
    _fp_trap_init                             - Undefined Weak Reference
    _fp_trap_shutdown                         - Undefined Weak Reference
    _get_lc_collate                           - Undefined Weak Reference
    _get_lc_ctype                             - Undefined Weak Reference
    _get_lc_monetary                          - Undefined Weak Reference
    _get_lc_numeric                           - Undefined Weak Reference
    _get_lc_time                              - Undefined Weak Reference
    _getenv_init                              - Undefined Weak Reference
    _handle_redirection                       - Undefined Weak Reference
    _init_alloc                               - Undefined Weak Reference
    _init_user_alloc                          - Undefined Weak Reference
    _initio                                   - Undefined Weak Reference
    _rand_init                                - Undefined Weak Reference
    _signal_finish                            - Undefined Weak Reference
    _signal_init                              - Undefined Weak Reference
    _terminate_alloc                          - Undefined Weak Reference
    _terminate_user_alloc                     - Undefined Weak Reference
    _terminateio                              - Undefined Weak Reference
    __Vectors_Size                           0x000001ac   Number         0  startup_ctboard.o ABSOLUTE
    Stack_Size                               0x00002000   Number         0  startup_ctboard.o ABSOLUTE
    __Vectors                                0x08000000   Data           4  startup_ctboard.o(RESET)
    __Vectors_End                            0x080001ac   Data           0  startup_ctboard.o(RESET)
    __scatterload                            0x080001ad   Thumb Code     0  __scatter.o(!!!scatter)
    __scatterload_rt2                        0x080001ad   Thumb Code    74  __scatter.o(!!!scatter)
    __scatterload_rt2_thumb_only             0x080001ad   Thumb Code     0  __scatter.o(!!!scatter)
    __scatterload_loop                       0x080001b7   Thumb Code     0  __scatter.o(!!!scatter)
    __scatterload_zeroinit                   0x08000201   Thumb Code    28  __scatter_zi.o(!!handler_zi)
    __rt_lib_init                            0x0800021d   Thumb Code     0  libinit.o(.ARM.Collect$$libinit$$00000000)
    __rt_lib_init_alloca_1                   0x0800021f   Thumb Code     0  libinit2.o(.ARM.Collect$$libinit$$00000030)
    __rt_lib_init_argv_1                     0x0800021f   Thumb Code     0  libinit2.o(.ARM.Collect$$libinit$$0000002E)
    __rt_lib_init_atexit_1                   0x0800021f   Thumb Code     0  libinit2.o(.ARM.Collect$$libinit$$0000001D)
    __rt_lib_init_clock_1                    0x0800021f   Thumb Code     0  libinit2.o(.ARM.Collect$$libinit$$00000023)
    __rt_lib_init_cpp_1                      0x0800021f   Thumb Code     0  libinit2.o(.ARM.Collect$$libinit$$00000034)
    __rt_lib_init_exceptions_1               0x0800021f   Thumb Code     0  libinit2.o(.ARM.Collect$$libinit$$00000032)
    __rt_lib_init_fp_1                       0x0800021f   Thumb Code     0  libinit2.o(.ARM.Collect$$libinit$$00000002)
    __rt_lib_init_fp_trap_1                  0x0800021f   Thumb Code     0  libinit2.o(.ARM.Collect$$libinit$$00000021)
    __rt_lib_init_getenv_1                   0x0800021f   Thumb Code     0  libinit2.o(.ARM.Collect$$libinit$$00000025)
    __rt_lib_init_heap_1                     0x0800021f   Thumb Code     0  libinit2.o(.ARM.Collect$$libinit$$0000000C)
    __rt_lib_init_lc_collate_1               0x0800021f   Thumb Code     0  libinit2.o(.ARM.Collect$$libinit$$00000013)
    __rt_lib_init_lc_ctype_1                 0x0800021f   Thumb Code     0  libinit2.o(.ARM.Collect$$libinit$$00000015)
    __rt_lib_init_lc_monetary_1              0x0800021f   Thumb Code     0  libinit2.o(.ARM.Collect$$libinit$$00000017)
    __rt_lib_init_lc_numeric_1               0x0800021f   Thumb Code     0  libinit2.o(.ARM.Collect$$libinit$$00000019)
    __rt_lib_init_lc_time_1                  0x0800021f   Thumb Code     0  libinit2.o(.ARM.Collect$$libinit$$0000001B)
    __rt_lib_init_preinit_1                  0x0800021f   Thumb Code     0  libinit2.o(.ARM.Collect$$libinit$$00000006)
    __rt_lib_init_rand_1                     0x0800021f   Thumb Code     0  libinit2.o(.ARM.Collect$$libinit$$00000010)
    __rt_lib_init_relocate_pie_1             0x0800021f   Thumb Code     0  libinit2.o(.ARM.Collect$$libinit$$00000004)
    __rt_lib_init_return                     0x0800021f   Thumb Code     0  libinit2.o(.ARM.Collect$$libinit$$00000035)
    __rt_lib_init_signal_1                   0x0800021f   Thumb Code     0  libinit2.o(.ARM.Collect$$libinit$$0000001F)
    __rt_lib_init_stdio_1                    0x0800021f   Thumb Code     0  libinit2.o(.ARM.Collect$$libinit$$00000027)
    __rt_lib_init_user_alloc_1               0x0800021f   Thumb Code     0  libinit2.o(.ARM.Collect$$libinit$$0000000E)
    __rt_lib_shutdown                        0x08000221   Thumb Code     0  libshutdown.o(.ARM.Collect$$libshutdown$$00000000)
    __rt_lib_shutdown_cpp_1                  0x08000223   Thumb Code     0  libshutdown2.o(.ARM.Collect$$libshutdown$$00000002)
    __rt_lib_shutdown_fp_trap_1              0x08000223   Thumb Code     0  libshutdown2.o(.ARM.Collect$$libshutdown$$00000007)
    __rt_lib_shutdown_heap_1                 0x08000223   Thumb Code     0  libshutdown2.o(.ARM.Collect$$libshutdown$$0000000F)
    __rt_lib_shutdown_return                 0x08000223   Thumb Code     0  libshutdown2.o(.ARM.Collect$$libshutdown$$00000010)
    __rt_lib_shutdown_signal_1               0x08000223   Thumb Code     0  libshutdown2.o(.ARM.Collect$$libshutdown$$0000000A)
    __rt_lib_shutdown_stdio_1                0x08000223   Thumb Code     0  libshutdown2.o(.ARM.Collect$$libshutdown$$00000004)
    __rt_lib_shutdown_user_alloc_1           0x08000223   Thumb Code     0  libshutdown2.o(.ARM.Collect$$libshutdown$$0000000C)
    __rt_entry                               0x08000225   Thumb Code     0  __rtentry.o(.ARM.Collect$$rtentry$$00000000)
    __rt_entry_presh_1                       0x08000225   Thumb Code     0  __rtentry2.o(.ARM.Collect$$rtentry$$00000002)
    __rt_entry_sh                            0x08000225   Thumb Code     0  __rtentry4.o(.ARM.Collect$$rtentry$$00000004)
    __rt_entry_li                            0x0800022b   Thumb Code     0  __rtentry2.o(.ARM.Collect$$rtentry$$0000000A)
    __rt_entry_postsh_1                      0x0800022b   Thumb Code     0  __rtentry2.o(.ARM.Collect$$rtentry$$00000009)
    __rt_entry_main                          0x0800022f   Thumb Code     0  __rtentry2.o(.ARM.Collect$$rtentry$$0000000D)
    __rt_entry_postli_1                      0x0800022f   Thumb Code     0  __rtentry2.o(.ARM.Collect$$rtentry$$0000000C)
    __rt_exit                                0x08000237   Thumb Code     0  rtexit.o(.ARM.Collect$$rtexit$$00000000)
    __rt_exit_ls                             0x08000239   Thumb Code     0  rtexit2.o(.ARM.Collect$$rtexit$$00000003)
    __rt_exit_prels_1                        0x08000239   Thumb Code     0  rtexit2.o(.ARM.Collect$$rtexit$$00000002)
    __rt_exit_exit                           0x0800023d   Thumb Code     0  rtexit2.o(.ARM.Collect$$rtexit$$00000004)
    adc_init                                 0x08000245   Thumb Code    72  adc.o(.text)
    adc_get_value                            0x080002b9   Thumb Code    52  adc.o(.text)
    adc_filter_value                         0x080002fd   Thumb Code    92  adc.o(.text)
    main                                     0x0800035d   Thumb Code   180  main.o(.text)
    __main                                   0x0800069d   Thumb Code     8  datainit_ctboard.o(.text)
    __user_setup_stackheap                   0x080006a5   Thumb Code    16  datainit_ctboard.o(.text)
    Reset_Handler                            0x080006c5   Thumb Code     8  startup_ctboard.o(.text)
    NMI_Handler                              0x080006cd   Thumb Code     2  startup_ctboard.o(.text)
    HardFault_Handler                        0x080006cf   Thumb Code     2  startup_ctboard.o(.text)
    MemManage_Handler                        0x080006d1   Thumb Code     2  startup_ctboard.o(.text)
    BusFault_Handler                         0x080006d3   Thumb Code     2  startup_ctboard.o(.text)
    UsageFault_Handler                       0x080006d5   Thumb Code     2  startup_ctboard.o(.text)
    SVC_Handler                              0x080006d7   Thumb Code     2  startup_ctboard.o(.text)
    DebugMon_Handler                         0x080006d9   Thumb Code     2  startup_ctboard.o(.text)
    PendSV_Handler                           0x080006db   Thumb Code     2  startup_ctboard.o(.text)
    SysTick_Handler                          0x080006dd   Thumb Code     2  startup_ctboard.o(.text)
    ADC_IRQHandler                           0x080006df   Thumb Code     0  startup_ctboard.o(.text)
    CAN1_RX0_IRQHandler                      0x080006df   Thumb Code     0  startup_ctboard.o(.text)
    CAN1_RX1_IRQHandler                      0x080006df   Thumb Code     0  startup_ctboard.o(.text)
    CAN1_SCE_IRQHandler                      0x080006df   Thumb Code     0  startup_ctboard.o(.text)
    CAN1_TX_IRQHandler                       0x080006df   Thumb Code     0  startup_ctboard.o(.text)
    CAN2_RX0_IRQHandler                      0x080006df   Thumb Code     0  startup_ctboard.o(.text)
    CAN2_RX1_IRQHandler                      0x080006df   Thumb Code     0  startup_ctboard.o(.text)
    CAN2_SCE_IRQHandler                      0x080006df   Thumb Code     0  startup_ctboard.o(.text)
    CAN2_TX_IRQHandler                       0x080006df   Thumb Code     0  startup_ctboard.o(.text)
    CRYP_IRQHandler                          0x080006df   Thumb Code     0  startup_ctboard.o(.text)
    DCMI_IRQHandler                          0x080006df   Thumb Code     0  startup_ctboard.o(.text)
    DMA1_Stream0_IRQHandler                  0x080006df   Thumb Code     0  startup_ctboard.o(.text)
    DMA1_Stream1_IRQHandler                  0x080006df   Thumb Code     0  startup_ctboard.o(.text)
    DMA1_Stream2_IRQHandler                  0x080006df   Thumb Code     0  startup_ctboard.o(.text)
    DMA1_Stream3_IRQHandler                  0x080006df   Thumb Code     0  startup_ctboard.o(.text)
    DMA1_Stream4_IRQHandler                  0x080006df   Thumb Code     0  startup_ctboard.o(.text)
    DMA1_Stream5_IRQHandler                  0x080006df   Thumb Code     0  startup_ctboard.o(.text)
    DMA1_Stream6_IRQHandler                  0x080006df   Thumb Code     0  startup_ctboard.o(.text)
    DMA1_Stream7_IRQHandler                  0x080006df   Thumb Code     0  startup_ctboard.o(.text)
    DMA2D_IRQHandler                         0x080006df   Thumb Code     0  startup_ctboard.o(.text)
    DMA2_Stream0_IRQHandler                  0x080006df   Thumb Code     0  startup_ctboard.o(.text)
    DMA2_Stream1_IRQHandler                  0x080006df   Thumb Code     0  startup_ctboard.o(.text)
    DMA2_Stream2_IRQHandler                  0x080006df   Thumb Code     0  startup_ctboard.o(.text)
    DMA2_Stream3_IRQHandler                  0x080006df   Thumb Code     0  startup_ctboard.o(.text)
    DMA2_Stream4_IRQHandler                  0x080006df   Thumb Code     0  startup_ctboard.o(.text)
    DMA2_Stream5_IRQHandler                  0x080006df   Thumb Code     0  startup_ctboard.o(.text)
    DMA2_Stream6_IRQHandler                  0x080006df   Thumb Code     0  startup_ctboard.o(.text)
    DMA2_Stream7_IRQHandler                  0x080006df   Thumb Code     0  startup_ctboard.o(.text)
    ETH_IRQHandler                           0x080006df   Thumb Code     0  startup_ctboard.o(.text)
    ETH_WKUP_IRQHandler                      0x080006df   Thumb Code     0  startup_ctboard.o(.text)
    EXTI0_IRQHandler                         0x080006df   Thumb Code     0  startup_ctboard.o(.text)
    EXTI15_10_IRQHandler                     0x080006df   Thumb Code     0  startup_ctboard.o(.text)
    EXTI1_IRQHandler                         0x080006df   Thumb Code     0  startup_ctboard.o(.text)
    EXTI2_IRQHandler                         0x080006df   Thumb Code     0  startup_ctboard.o(.text)
    EXTI3_IRQHandler                         0x080006df   Thumb Code     0  startup_ctboard.o(.text)
    EXTI4_IRQHandler                         0x080006df   Thumb Code     0  startup_ctboard.o(.text)
    EXTI9_5_IRQHandler                       0x080006df   Thumb Code     0  startup_ctboard.o(.text)
    FLASH_IRQHandler                         0x080006df   Thumb Code     0  startup_ctboard.o(.text)
    FMC_IRQHandler                           0x080006df   Thumb Code     0  startup_ctboard.o(.text)
    FPU_IRQHandler                           0x080006df   Thumb Code     0  startup_ctboard.o(.text)
    HASH_RNG_IRQHandler                      0x080006df   Thumb Code     0  startup_ctboard.o(.text)
    I2C1_ER_IRQHandler                       0x080006df   Thumb Code     0  startup_ctboard.o(.text)
    I2C1_EV_IRQHandler                       0x080006df   Thumb Code     0  startup_ctboard.o(.text)
    I2C2_ER_IRQHandler                       0x080006df   Thumb Code     0  startup_ctboard.o(.text)
    I2C2_EV_IRQHandler                       0x080006df   Thumb Code     0  startup_ctboard.o(.text)
    I2C3_ER_IRQHandler                       0x080006df   Thumb Code     0  startup_ctboard.o(.text)
    I2C3_EV_IRQHandler                       0x080006df   Thumb Code     0  startup_ctboard.o(.text)
    LTDC_ER_IRQHandler                       0x080006df   Thumb Code     0  startup_ctboard.o(.text)
    LTDC_IRQHandler                          0x080006df   Thumb Code     0  startup_ctboard.o(.text)
    OTG_FS_IRQHandler                        0x080006df   Thumb Code     0  startup_ctboard.o(.text)
    OTG_FS_WKUP_IRQHandler                   0x080006df   Thumb Code     0  startup_ctboard.o(.text)
    OTG_HS_EP1_IN_IRQHandler                 0x080006df   Thumb Code     0  startup_ctboard.o(.text)
    OTG_HS_EP1_OUT_IRQHandler                0x080006df   Thumb Code     0  startup_ctboard.o(.text)
    OTG_HS_IRQHandler                        0x080006df   Thumb Code     0  startup_ctboard.o(.text)
    OTG_HS_WKUP_IRQHandler                   0x080006df   Thumb Code     0  startup_ctboard.o(.text)
    PVD_IRQHandler                           0x080006df   Thumb Code     0  startup_ctboard.o(.text)
    RCC_IRQHandler                           0x080006df   Thumb Code     0  startup_ctboard.o(.text)
    RTC_Alarm_IRQHandler                     0x080006df   Thumb Code     0  startup_ctboard.o(.text)
    RTC_WKUP_IRQHandler                      0x080006df   Thumb Code     0  startup_ctboard.o(.text)
    SAI1_IRQHandler                          0x080006df   Thumb Code     0  startup_ctboard.o(.text)
    SDIO_IRQHandler                          0x080006df   Thumb Code     0  startup_ctboard.o(.text)
    SPI1_IRQHandler                          0x080006df   Thumb Code     0  startup_ctboard.o(.text)
    SPI2_IRQHandler                          0x080006df   Thumb Code     0  startup_ctboard.o(.text)
    SPI3_IRQHandler                          0x080006df   Thumb Code     0  startup_ctboard.o(.text)
    SPI4_IRQHandler                          0x080006df   Thumb Code     0  startup_ctboard.o(.text)
    SPI5_IRQHandler                          0x080006df   Thumb Code     0  startup_ctboard.o(.text)
    SPI6_IRQHandler                          0x080006df   Thumb Code     0  startup_ctboard.o(.text)
    TAMP_STAMP_IRQHandler                    0x080006df   Thumb Code     0  startup_ctboard.o(.text)
    TIM1_BRK_TIM9_IRQHandler                 0x080006df   Thumb Code     0  startup_ctboard.o(.text)
    TIM1_CC_IRQHandler                       0x080006df   Thumb Code     0  startup_ctboard.o(.text)
    TIM1_TRG_COM_TIM11_IRQHandler            0x080006df   Thumb Code     0  startup_ctboard.o(.text)
    TIM1_UP_TIM10_IRQHandler                 0x080006df   Thumb Code     0  startup_ctboard.o(.text)
    TIM2_IRQHandler                          0x080006df   Thumb Code     0  startup_ctboard.o(.text)
    TIM3_IRQHandler                          0x080006df   Thumb Code     0  startup_ctboard.o(.text)
    TIM4_IRQHandler                          0x080006df   Thumb Code     0  startup_ctboard.o(.text)
    TIM5_IRQHandler                          0x080006df   Thumb Code     0  startup_ctboard.o(.text)
    TIM6_DAC_IRQHandler                      0x080006df   Thumb Code     0  startup_ctboard.o(.text)
    TIM7_IRQHandler                          0x080006df   Thumb Code     0  startup_ctboard.o(.text)
    TIM8_BRK_TIM12_IRQHandler                0x080006df   Thumb Code     0  startup_ctboard.o(.text)
    TIM8_CC_IRQHandler                       0x080006df   Thumb Code     0  startup_ctboard.o(.text)
    TIM8_TRG_COM_TIM14_IRQHandler            0x080006df   Thumb Code     0  startup_ctboard.o(.text)
    TIM8_UP_TIM13_IRQHandler                 0x080006df   Thumb Code     0  startup_ctboard.o(.text)
    UART4_IRQHandler                         0x080006df   Thumb Code     0  startup_ctboard.o(.text)
    UART5_IRQHandler                         0x080006df   Thumb Code     0  startup_ctboard.o(.text)
    UART7_IRQHandler                         0x080006df   Thumb Code     0  startup_ctboard.o(.text)
    UART8_IRQHandler                         0x080006df   Thumb Code     0  startup_ctboard.o(.text)
    USART1_IRQHandler                        0x080006df   Thumb Code     0  startup_ctboard.o(.text)
    USART2_IRQHandler                        0x080006df   Thumb Code     0  startup_ctboard.o(.text)
    USART3_IRQHandler                        0x080006df   Thumb Code     0  startup_ctboard.o(.text)
    USART6_IRQHandler                        0x080006df   Thumb Code     0  startup_ctboard.o(.text)
    WWDG_IRQHandler                          0x080006df   Thumb Code     0  startup_ctboard.o(.text)
    __system                                 0x080006e9   Thumb Code     8  system_ctboard.o(.text)
    system_enter_run                         0x080006f1   Thumb Code    20  system_ctboard.o(.text)
    system_enter_sleep                       0x08000965   Thumb Code     2  system_ctboard.o(.text)
    system_enter_stop                        0x08000967   Thumb Code     2  system_ctboard.o(.text)
    system_enter_standby                     0x08000969   Thumb Code     2  system_ctboard.o(.text)
    _sys_command_string                      0x0800096b   Thumb Code    12  system_ctboard.o(.text)
    _ttywrch                                 0x08000977   Thumb Code     8  system_ctboard.o(.text)
    _sys_exit                                0x0800097f   Thumb Code     8  system_ctboard.o(.text)
    hal_ct_lcd_write                         0x08000989   Thumb Code    88  hal_ct_lcd.o(.text)
    hal_ct_lcd_color                         0x080009e5   Thumb Code    64  hal_ct_lcd.o(.text)
    hal_ct_lcd_clear                         0x08000a31   Thumb Code    28  hal_ct_lcd.o(.text)
    hal_fmc_reset                            0x08000a51   Thumb Code   196  hal_fmc.o(.text)
    hal_fmc_init_sram                        0x08000b45   Thumb Code   652  hal_fmc.o(.text)
    hal_gpio_reset                           0x08000df5   Thumb Code   112  hal_gpio.o(.text)
    hal_gpio_init_input                      0x08000e6d   Thumb Code   122  hal_gpio.o(.text)
    hal_gpio_init_analog                     0x08000fc1   Thumb Code    74  hal_gpio.o(.text)
    hal_gpio_init_output                     0x0800100b   Thumb Code   206  hal_gpio.o(.text)
    hal_gpio_init_alternate                  0x080010d9   Thumb Code   186  hal_gpio.o(.text)
    hal_gpio_input_read                      0x08001193   Thumb Code    14  hal_gpio.o(.text)
    hal_gpio_output_read                     0x080011a1   Thumb Code    14  hal_gpio.o(.text)
    hal_gpio_output_write                    0x080011af   Thumb Code    42  hal_gpio.o(.text)
    hal_gpio_bit_set                         0x080011d9   Thumb Code    54  hal_gpio.o(.text)
    hal_gpio_bit_reset                       0x0800120f   Thumb Code    54  hal_gpio.o(.text)
    hal_gpio_bit_toggle                      0x08001245   Thumb Code    78  hal_gpio.o(.text)
    hal_gpio_irq_set                         0x08001295   Thumb Code   832  hal_gpio.o(.text)
    hal_gpio_irq_status                      0x08001719   Thumb Code    64  hal_gpio.o(.text)
    hal_gpio_irq_clear                       0x08001761   Thumb Code    24  hal_gpio.o(.text)
    hal_pwr_reset                            0x0800177d   Thumb Code    16  hal_pwr.o(.text)
    hal_pwr_set_backup_domain                0x08001795   Thumb Code   148  hal_pwr.o(.text)
    hal_pwr_set_backup_access                0x0800182d   Thumb Code    44  hal_pwr.o(.text)
    hal_pwr_set_wakeup_pin                   0x0800185d   Thumb Code    44  hal_pwr.o(.text)
    hal_pwr_set_flash_powerdown              0x0800188d   Thumb Code    44  hal_pwr.o(.text)
    hal_pwr_set_overdrive                    0x080018bd   Thumb Code    12  hal_pwr.o(.text)
    hal_pwr_set_underdrive                   0x080018c9   Thumb Code    12  hal_pwr.o(.text)
    hal_rcc_reset                            0x080018d5   Thumb Code   148  hal_rcc.o(.text)
    hal_rcc_set_peripheral                   0x080019e9   Thumb Code   460  hal_rcc.o(.text)
    hal_rcc_set_osc                          0x08001bcd   Thumb Code   240  hal_rcc.o(.text)
    hal_rcc_setup_pll                        0x08001cc9   Thumb Code   544  hal_rcc.o(.text)
    hal_rcc_setup_clock                      0x08001f09   Thumb Code   372  hal_rcc.o(.text)
    __use_no_semihosting                     0x0800208d   Thumb Code     2  use_no_semi_2.o(.text)
    __aeabi_assert                           0x08002091   Thumb Code    82  assert.o(.text)
    __assert                                 0x08002091   Thumb Code     0  assert.o(.text)
    __aeabi_uidiv                            0x0800210d   Thumb Code     0  aeabi_sdiv.o(.text)
    __aeabi_uidivmod                         0x0800210d   Thumb Code    20  aeabi_sdiv.o(.text)
    __aeabi_idiv                             0x08002121   Thumb Code     0  aeabi_sdiv.o(.text)
    __aeabi_idivmod                          0x08002121   Thumb Code   338  aeabi_sdiv.o(.text)
    __semihosting$guard                      0x08002279   Thumb Code     0  use_no_semi.o(.text)
    __use_no_semihosting_swi                 0x08002279   Thumb Code     2  use_no_semi.o(.text)
    abort                                    0x0800227b   Thumb Code    20  abort.o(.text)
    __assert_puts                            0x0800228f   Thumb Code    20  assert_puts.o(.text)
    __rt_SIGABRT                             0x080022a3   Thumb Code    12  defsig_abrt_outer.o(.text)
    exit                                     0x080022af   Thumb Code    16  exit.o(.text)
    __sig_exit                               0x080022bf   Thumb Code    12  defsig_exit.o(.text)
    __rt_SIGABRT_inner                       0x080022cd   Thumb Code    14  defsig_abrt_inner.o(.text)
    __default_signal_display                 0x080022fd   Thumb Code    52  defsig_general.o(.text)
    Region$$Table$$Base                      0x08002550   Number         0  anon$$obj.o(Region$$Table)
    Region$$Table$$Limit                     0x08002560   Number         0  anon$$obj.o(Region$$Table)
    moving_average                           0x20000000   Data          32  adc.o(.bss.moving_average)
    Stack_Mem                                0x20000020   Data        8192  startup_ctboard.o(STACK)



==============================================================================

Memory Map of the image

  Image Entry point : 0x080006c5

  Load Region LR_1 (Base: 0x08000000, Size: 0x00002560, Max: 0xffffffff, ABSOLUTE)

    Execution Region ER_RO (Exec base: 0x08000000, Load base: 0x08000000, Size: 0x00002560, Max: 0xffffffff, ABSOLUTE)

    Exec Addr    Load Addr    Size         Type   Attr      Idx    E Section Name        Object

    0x08000000   0x08000000   0x000001ac   Data   RO           25    RESET               startup_ctboard.o
    0x080001ac   0x080001ac   0x00000054   Code   RO           85    !!!scatter          c_pu.l(__scatter.o)
    0x08000200   0x08000200   0x0000001c   Code   RO          252    !!handler_zi        c_pu.l(__scatter_zi.o)
    0x0800021c   0x0800021c   0x00000002   Code   RO          138    .ARM.Collect$$libinit$$00000000  c_pu.l(libinit.o)
    0x0800021e   0x0800021e   0x00000000   Code   RO          148    .ARM.Collect$$libinit$$00000002  c_pu.l(libinit2.o)
    0x0800021e   0x0800021e   0x00000000   Code   RO          150    .ARM.Collect$$libinit$$00000004  c_pu.l(libinit2.o)
    0x0800021e   0x0800021e   0x00000000   Code   RO          152    .ARM.Collect$$libinit$$00000006  c_pu.l(libinit2.o)
    0x0800021e   0x0800021e   0x00000000   Code   RO          155    .ARM.Collect$$libinit$$0000000C  c_pu.l(libinit2.o)
    0x0800021e   0x0800021e   0x00000000   Code   RO          157    .ARM.Collect$$libinit$$0000000E  c_pu.l(libinit2.o)
    0x0800021e   0x0800021e   0x00000000   Code   RO          159    .ARM.Collect$$libinit$$00000010  c_pu.l(libinit2.o)
    0x0800021e   0x0800021e   0x00000000   Code   RO          162    .ARM.Collect$$libinit$$00000013  c_pu.l(libinit2.o)
    0x0800021e   0x0800021e   0x00000000   Code   RO          164    .ARM.Collect$$libinit$$00000015  c_pu.l(libinit2.o)
    0x0800021e   0x0800021e   0x00000000   Code   RO          166    .ARM.Collect$$libinit$$00000017  c_pu.l(libinit2.o)
    0x0800021e   0x0800021e   0x00000000   Code   RO          168    .ARM.Collect$$libinit$$00000019  c_pu.l(libinit2.o)
    0x0800021e   0x0800021e   0x00000000   Code   RO          170    .ARM.Collect$$libinit$$0000001B  c_pu.l(libinit2.o)
    0x0800021e   0x0800021e   0x00000000   Code   RO          172    .ARM.Collect$$libinit$$0000001D  c_pu.l(libinit2.o)
    0x0800021e   0x0800021e   0x00000000   Code   RO          174    .ARM.Collect$$libinit$$0000001F  c_pu.l(libinit2.o)
    0x0800021e   0x0800021e   0x00000000   Code   RO          176    .ARM.Collect$$libinit$$00000021  c_pu.l(libinit2.o)
    0x0800021e   0x0800021e   0x00000000   Code   RO          178    .ARM.Collect$$libinit$$00000023  c_pu.l(libinit2.o)
    0x0800021e   0x0800021e   0x00000000   Code   RO          180    .ARM.Collect$$libinit$$00000025  c_pu.l(libinit2.o)
    0x0800021e   0x0800021e   0x00000000   Code   RO          182    .ARM.Collect$$libinit$$00000027  c_pu.l(libinit2.o)
    0x0800021e   0x0800021e   0x00000000   Code   RO          186    .ARM.Collect$$libinit$$0000002E  c_pu.l(libinit2.o)
    0x0800021e   0x0800021e   0x00000000   Code   RO          188    .ARM.Collect$$libinit$$00000030  c_pu.l(libinit2.o)
    0x0800021e   0x0800021e   0x00000000   Code   RO          190    .ARM.Collect$$libinit$$00000032  c_pu.l(libinit2.o)
    0x0800021e   0x0800021e   0x00000000   Code   RO          192    .ARM.Collect$$libinit$$00000034  c_pu.l(libinit2.o)
    0x0800021e   0x0800021e   0x00000002   Code   RO          193    .ARM.Collect$$libinit$$00000035  c_pu.l(libinit2.o)
    0x08000220   0x08000220   0x00000002   Code   RO          227    .ARM.Collect$$libshutdown$$00000000  c_pu.l(libshutdown.o)
    0x08000222   0x08000222   0x00000000   Code   RO          235    .ARM.Collect$$libshutdown$$00000002  c_pu.l(libshutdown2.o)
    0x08000222   0x08000222   0x00000000   Code   RO          237    .ARM.Collect$$libshutdown$$00000004  c_pu.l(libshutdown2.o)
    0x08000222   0x08000222   0x00000000   Code   RO          240    .ARM.Collect$$libshutdown$$00000007  c_pu.l(libshutdown2.o)
    0x08000222   0x08000222   0x00000000   Code   RO          243    .ARM.Collect$$libshutdown$$0000000A  c_pu.l(libshutdown2.o)
    0x08000222   0x08000222   0x00000000   Code   RO          245    .ARM.Collect$$libshutdown$$0000000C  c_pu.l(libshutdown2.o)
    0x08000222   0x08000222   0x00000000   Code   RO          248    .ARM.Collect$$libshutdown$$0000000F  c_pu.l(libshutdown2.o)
    0x08000222   0x08000222   0x00000002   Code   RO          249    .ARM.Collect$$libshutdown$$00000010  c_pu.l(libshutdown2.o)
    0x08000224   0x08000224   0x00000000   Code   RO           91    .ARM.Collect$$rtentry$$00000000  c_pu.l(__rtentry.o)
    0x08000224   0x08000224   0x00000000   Code   RO          101    .ARM.Collect$$rtentry$$00000002  c_pu.l(__rtentry2.o)
    0x08000224   0x08000224   0x00000006   Code   RO          113    .ARM.Collect$$rtentry$$00000004  c_pu.l(__rtentry4.o)
    0x0800022a   0x0800022a   0x00000000   Code   RO          103    .ARM.Collect$$rtentry$$00000009  c_pu.l(__rtentry2.o)
    0x0800022a   0x0800022a   0x00000004   Code   RO          104    .ARM.Collect$$rtentry$$0000000A  c_pu.l(__rtentry2.o)
    0x0800022e   0x0800022e   0x00000000   Code   RO          106    .ARM.Collect$$rtentry$$0000000C  c_pu.l(__rtentry2.o)
    0x0800022e   0x0800022e   0x00000008   Code   RO          107    .ARM.Collect$$rtentry$$0000000D  c_pu.l(__rtentry2.o)
    0x08000236   0x08000236   0x00000002   Code   RO          139    .ARM.Collect$$rtexit$$00000000  c_pu.l(rtexit.o)
    0x08000238   0x08000238   0x00000000   Code   RO          195    .ARM.Collect$$rtexit$$00000002  c_pu.l(rtexit2.o)
    0x08000238   0x08000238   0x00000004   Code   RO          196    .ARM.Collect$$rtexit$$00000003  c_pu.l(rtexit2.o)
    0x0800023c   0x0800023c   0x00000006   Code   RO          197    .ARM.Collect$$rtexit$$00000004  c_pu.l(rtexit2.o)
    0x08000242   0x08000242   0x00000002   PAD
    0x08000244   0x08000244   0x00000118   Code   RO            1    .text               adc.o
    0x0800035c   0x0800035c   0x00000340   Code   RO            9    .text               main.o
    0x0800069c   0x0800069c   0x00000028   Code   RO           17    .text               datainit_ctboard.o
    0x080006c4   0x080006c4   0x00000024   Code   RO           26  * .text               startup_ctboard.o
    0x080006e8   0x080006e8   0x0000029e   Code   RO           30    .text               system_ctboard.o
    0x08000986   0x08000986   0x00000002   PAD
    0x08000988   0x08000988   0x000000c8   Code   RO           37    .text               hal_ct_lcd.o
    0x08000a50   0x08000a50   0x000003a4   Code   RO           45    .text               hal_fmc.o
    0x08000df4   0x08000df4   0x00000988   Code   RO           53    .text               hal_gpio.o
    0x0800177c   0x0800177c   0x00000158   Code   RO           60    .text               hal_pwr.o
    0x080018d4   0x080018d4   0x000007b8   Code   RO           67    .text               hal_rcc.o
    0x0800208c   0x0800208c   0x00000002   Code   RO           77    .text               c_pu.l(use_no_semi_2.o)
    0x0800208e   0x0800208e   0x00000002   PAD
    0x08002090   0x08002090   0x0000007c   Code   RO           79    .text               c_pu.l(assert.o)
    0x0800210c   0x0800210c   0x0000016c   Code   RO           81    .text               c_pu.l(aeabi_sdiv.o)
    0x08002278   0x08002278   0x00000002   Code   RO           89    .text               c_pu.l(use_no_semi.o)
    0x0800227a   0x0800227a   0x00000014   Code   RO           96    .text               c_pu.l(abort.o)
    0x0800228e   0x0800228e   0x00000014   Code   RO           98    .text               c_pu.l(assert_puts.o)
    0x080022a2   0x080022a2   0x0000000c   Code   RO          117    .text               c_pu.l(defsig_abrt_outer.o)
    0x080022ae   0x080022ae   0x00000010   Code   RO          123    .text               c_pu.l(exit.o)
    0x080022be   0x080022be   0x0000000c   Code   RO          125    .text               c_pu.l(defsig_exit.o)
    0x080022ca   0x080022ca   0x00000002   PAD
    0x080022cc   0x080022cc   0x00000030   Code   RO          127    .text               c_pu.l(defsig_abrt_inner.o)
    0x080022fc   0x080022fc   0x00000034   Code   RO          143    .text               c_pu.l(defsig_general.o)
    0x08002330   0x08002330   0x00000015   Data   RO           39    .rodata.str1.1      hal_ct_lcd.o
    0x08002345   0x08002345   0x00000098   Data   RO           47    .rodata.str1.1      hal_fmc.o
    0x080023dd   0x080023dd   0x00000170   Data   RO           69    .rodata.str1.1      hal_rcc.o
    0x0800254d   0x0800254d   0x00000003   PAD
    0x08002550   0x08002550   0x00000010   Data   RO          251    Region$$Table       anon$$obj.o


    Execution Region ER_RW (Exec base: 0x20000000, Load base: 0x08002560, Size: 0x00000000, Max: 0xffffffff, ABSOLUTE)

    **** No section assigned to this execution region ****


    Execution Region ER_ZI (Exec base: 0x20000000, Load base: 0x08002560, Size: 0x00002020, Max: 0xffffffff, ABSOLUTE)

    Exec Addr    Load Addr    Size         Type   Attr      Idx    E Section Name        Object

    0x20000000        -       0x00000020   Zero   RW            3    .bss.moving_average  adc.o
    0x20000020        -       0x00002000   Zero   RW           23    STACK               startup_ctboard.o


==============================================================================

Image component sizes


      Code (inc. data)   RO Data    RW Data    ZI Data      Debug   Object Name

       280         64          0          0         32       2757   adc.o
        40         16          0          0          0        448   datainit_ctboard.o
       200         20         21          0          0       2367   hal_ct_lcd.o
       932        116        152          0          0       3155   hal_fmc.o
      2440        124          0          0          0       8308   hal_gpio.o
       344         24          0          0          0       1805   hal_pwr.o
      1976        536        368          0          0       4827   hal_rcc.o
       832         48          0          0          0       3016   main.o
        36          8        428          0       8192        792   startup_ctboard.o
       670         64          0          0          0       6710   system_ctboard.o

    ----------------------------------------------------------------------
      7752       1020        988          0       8224      34185   Object Totals
         0          0         16          0          0          0   (incl. Generated)
         2          0          3          0          0          0   (incl. Padding)

    ----------------------------------------------------------------------

      Code (inc. data)   RO Data    RW Data    ZI Data      Debug   Library Member Name

         0          0          0          0          0          0   __rtentry.o
        12          0          0          0          0          0   __rtentry2.o
         6          0          0          0          0          0   __rtentry4.o
        84         10          0          0          0         68   __scatter.o
        28          0          0          0          0          0   __scatter_zi.o
        20          0          0          0          0         68   abort.o
       364          4          0          0          0         92   aeabi_sdiv.o
       124         42          0          0          0         68   assert.o
        20          0          0          0          0         68   assert_puts.o
        48         34          0          0          0         68   defsig_abrt_inner.o
        12          0          0          0          0         68   defsig_abrt_outer.o
        12          0          0          0          0         68   defsig_exit.o
        52          0          0          0          0         72   defsig_general.o
        16          0          0          0          0         68   exit.o
         2          0          0          0          0          0   libinit.o
         2          0          0          0          0          0   libinit2.o
         2          0          0          0          0          0   libshutdown.o
         2          0          0          0          0          0   libshutdown2.o
         2          0          0          0          0          0   rtexit.o
        10          0          0          0          0          0   rtexit2.o
         2          0          0          0          0         68   use_no_semi.o
         2          0          0          0          0         68   use_no_semi_2.o

    ----------------------------------------------------------------------
       828         90          0          0          0        844   Library Totals
         6          0          0          0          0          0   (incl. Padding)

    ----------------------------------------------------------------------

      Code (inc. data)   RO Data    RW Data    ZI Data      Debug   Library Name

       822         90          0          0          0        844   c_pu.l

    ----------------------------------------------------------------------
       828         90          0          0          0        844   Library Totals

    ----------------------------------------------------------------------

==============================================================================


      Code (inc. data)   RO Data    RW Data    ZI Data      Debug   

      8580       1110        988          0       8224      34389   Grand Totals
      8580       1110        988          0       8224      34389   ELF Image Totals
      8580       1110        988          0          0          0   ROM Totals

==============================================================================

    Total RO  Size (Code + RO Data)                 9568 (   9.34kB)
    Total RW  Size (RW Data + ZI Data)              8224 (   8.03kB)
    Total ROM Size (Code + RO Data + RW Data)       9568 (   9.34kB)

==============================================================================

